Collecting aqtinstall
  Downloading aqtinstall-3.3.0-py3-none-any.whl.metadata (11 kB)
Collecting bs4 (from aqtinstall)
  Downloading bs4-0.0.2-py2.py3-none-any.whl.metadata (411 bytes)
Collecting defusedxml (from aqtinstall)
  Using cached defusedxml-0.7.1-py2.py3-none-any.whl.metadata (32 kB)
Collecting humanize (from aqtinstall)
  Downloading humanize-4.16.0-py3-none-any.whl.metadata (8.0 kB)
Collecting patch-ng (from aqtinstall)
  Downloading patch_ng-1.19.1-py3-none-any.whl.metadata (3.2 kB)
Collecting py7zr>=0.22.0 (from aqtinstall)
  Downloading py7zr-1.1.3-py3-none-any.whl.metadata (17 kB)
Collecting requests>=2.31.0 (from aqtinstall)
  Using cached requests-2.34.2-py3-none-any.whl.metadata (4.8 kB)
Collecting semantic-version (from aqtinstall)
  Using cached semantic_version-2.10.0-py2.py3-none-any.whl.metadata (9.7 kB)
Collecting texttable (from aqtinstall)
  Downloading texttable-1.7.0-py2.py3-none-any.whl.metadata (9.8 kB)
Collecting pycryptodomex>=3.20.0 (from py7zr>=0.22.0->aqtinstall)
  Downloading pycryptodomex-3.23.0-cp37-abi3-win_amd64.whl.metadata (3.5 kB)
Collecting brotli>=1.2.0 (from py7zr>=0.22.0->aqtinstall)
  Downloading brotli-1.2.0-cp314-cp314-win_amd64.whl.metadata (6.3 kB)
Collecting psutil (from py7zr>=0.22.0->aqtinstall)
  Using cached psutil-7.2.2-cp37-abi3-win_amd64.whl.metadata (22 kB)
Collecting pyppmd>=1.3.1 (from py7zr>=0.22.0->aqtinstall)
  Downloading pyppmd-1.3.1-cp314-cp314-win_amd64.whl.metadata (5.6 kB)
Collecting pybcj>=1.0.6 (from py7zr>=0.22.0->aqtinstall)
  Downloading pybcj-1.0.8-cp314-cp314-win_amd64.whl.metadata (3.9 kB)
Collecting multivolumefile>=0.2.3 (from py7zr>=0.22.0->aqtinstall)
  Downloading multivolumefile-0.2.3-py3-none-any.whl.metadata (6.3 kB)
Collecting inflate64>=1.0.4 (from py7zr>=0.22.0->aqtinstall)
  Downloading inflate64-1.0.4-cp314-cp314-win_amd64.whl.metadata (4.5 kB)
Collecting charset_normalizer<4,>=2 (from requests>=2.31.0->aqtinstall)
  Downloading charset_normalizer-3.5.2-cp314-cp314-win_amd64.whl.metadata (47 kB)
Collecting idna<4,>=2.5 (from requests>=2.31.0->aqtinstall)
  Downloading idna-3.20-py3-none-any.whl.metadata (7.2 kB)
Collecting urllib3<3,>=1.26 (from requests>=2.31.0->aqtinstall)
  Downloading urllib3-2.8.0-py3-none-any.whl.metadata (7.4 kB)
Collecting certifi>=2023.5.7 (from requests>=2.31.0->aqtinstall)
  Using cached certifi-2026.7.22-py3-none-any.whl.metadata (2.5 kB)
Collecting beautifulsoup4 (from bs4->aqtinstall)
  Downloading beautifulsoup4-4.15.0-py3-none-any.whl.metadata (3.8 kB)
Collecting soupsieve>=1.6.1 (from beautifulsoup4->bs4->aqtinstall)
  Downloading soupsieve-2.10-py3-none-any.whl.metadata (4.4 kB)
Collecting typing-extensions>=4.0.0 (from beautifulsoup4->bs4->aqtinstall)
  Downloading typing_extensions-4.16.0-py3-none-any.whl.metadata (3.3 kB)
Downloading aqtinstall-3.3.0-py3-none-any.whl (71 kB)
Downloading py7zr-1.1.3-py3-none-any.whl (72 kB)
Downloading brotli-1.2.0-cp314-cp314-win_amd64.whl (375 kB)
Downloading inflate64-1.0.4-cp314-cp314-win_amd64.whl (36 kB)
Downloading multivolumefile-0.2.3-py3-none-any.whl (17 kB)
Downloading pybcj-1.0.8-cp314-cp314-win_amd64.whl (25 kB)
Downloading pycryptodomex-3.23.0-cp37-abi3-win_amd64.whl (1.8 MB)
   ---------------------------------------- 1.8/1.8 MB 22.4 MB/s  0:00:00
Downloading pyppmd-1.3.1-cp314-cp314-win_amd64.whl (47 kB)
Using cached requests-2.34.2-py3-none-any.whl (73 kB)
Downloading charset_normalizer-3.5.2-cp314-cp314-win_amd64.whl (210 kB)
Downloading idna-3.20-py3-none-any.whl (69 kB)
Downloading urllib3-2.8.0-py3-none-any.whl (135 kB)
Using cached certifi-2026.7.22-py3-none-any.whl (136 kB)
Downloading bs4-0.0.2-py2.py3-none-any.whl (1.2 kB)
Downloading beautifulsoup4-4.15.0-py3-none-any.whl (109 kB)
Downloading soupsieve-2.10-py3-none-any.whl (38 kB)
Downloading typing_extensions-4.16.0-py3-none-any.whl (45 kB)
Using cached defusedxml-0.7.1-py2.py3-none-any.whl (25 kB)
Downloading humanize-4.16.0-py3-none-any.whl (137 kB)
Downloading patch_ng-1.19.1-py3-none-any.whl (17 kB)
Using cached psutil-7.2.2-cp37-abi3-win_amd64.whl (137 kB)
Using cached semantic_version-2.10.0-py2.py3-none-any.whl (15 kB)
Downloading texttable-1.7.0-py2.py3-none-any.whl (10 kB)
Installing collected packages: texttable, brotli, urllib3, typing-extensions, soupsieve, semantic-version, pyppmd, pycryptodomex, pybcj, psutil, patch-ng, multivolumefile, inflate64, idna, humanize, defusedxml, charset_normalizer, certifi, requests, py7zr, beautifulsoup4, bs4, aqtinstall

Successfully installed aqtinstall-3.3.0 beautifulsoup4-4.15.0 brotli-1.2.0 bs4-0.0.2 certifi-2026.7.22 charset_normalizer-3.5.2 defusedxml-0.7.1 humanize-4.16.0 idna-3.20 inflate64-1.0.4 multivolumefile-0.2.3 patch-ng-1.19.1 psutil-7.2.2 py7zr-1.1.3 pybcj-1.0.8 pycryptodomex-3.23.0 pyppmd-1.3.1 requests-2.34.2 semantic-version-2.10.0 soupsieve-2.10 texttable-1.7.0 typing-extensions-4.16.0 urllib3-2.8.0
