-- The C compiler identification is GNU 13.3.0
-- The CXX compiler identification is GNU 13.3.0
-- Detecting C compiler ABI info
-- Detecting C compiler ABI info - done
-- Check for working C compiler: /usr/bin/cc - skipped
-- Detecting C compile features
-- Detecting C compile features - done
-- Detecting CXX compiler ABI info
-- Detecting CXX compiler ABI info - done
-- Check for working CXX compiler: /usr/bin/c++ - skipped
-- Detecting CXX compile features
-- Detecting CXX compile features - done
-- Configuring incomplete, errors occurred!
CMake Error at CMakeLists.txt:13 (find_package):
  Could not find a package configuration file provided by "ECM" (requested
  version 6.3.0) with any of the following names:

    ECMConfig.cmake
    ecm-config.cmake

  Add the installation prefix of "ECM" to CMAKE_PREFIX_PATH or set "ECM_DIR"
  to a directory containing one of the above files.  If "ECM" provides a
  separate development package or SDK, be sure it has been installed.


