[1/134] Generating zip_err_str.c
[2/134] Building C object lib/CMakeFiles/zip.dir/zip_add_dir.c.obj
[3/134] Building C object lib/CMakeFiles/zip.dir/zip_add.c.obj
[4/134] Building C object lib/CMakeFiles/zip.dir/zip_add_entry.c.obj
[5/134] Building C object lib/CMakeFiles/zip.dir/zip_algorithm_deflate.c.obj
[6/134] Building C object lib/CMakeFiles/zip.dir/zip_delete.c.obj
[7/134] Building C object lib/CMakeFiles/zip.dir/zip_dir_add.c.obj
[8/134] Building C object lib/CMakeFiles/zip.dir/zip_buffer.c.obj
[9/134] Building C object lib/CMakeFiles/zip.dir/zip_close.c.obj
[10/134] Building C object lib/CMakeFiles/zip.dir/zip_discard.c.obj
[11/134] Building C object lib/CMakeFiles/zip.dir/zip_entry.c.obj
[12/134] Building C object lib/CMakeFiles/zip.dir/zip_error_clear.c.obj
[13/134] Building C object lib/CMakeFiles/zip.dir/zip_error_get.c.obj
[14/134] Building C object lib/CMakeFiles/zip.dir/zip_error.c.obj
[15/134] Building C object lib/CMakeFiles/zip.dir/zip_dirent.c.obj
[16/134] Building C object lib/CMakeFiles/zip.dir/zip_error_get_sys_type.c.obj
[17/134] Building C object lib/CMakeFiles/zip.dir/zip_error_to_str.c.obj
[18/134] Building C object lib/CMakeFiles/zip.dir/zip_error_strerror.c.obj
[19/134] Building C object lib/CMakeFiles/zip.dir/zip_fclose.c.obj
[20/134] Building C object lib/CMakeFiles/zip.dir/zip_fdopen.c.obj
[21/134] Building C object lib/CMakeFiles/zip.dir/zip_extra_field_api.c.obj
[22/134] Building C object lib/CMakeFiles/zip.dir/zip_extra_field.c.obj
[23/134] Building C object lib/CMakeFiles/zip.dir/zip_file_add.c.obj
[24/134] Building C object lib/CMakeFiles/zip.dir/zip_file_error_clear.c.obj
[25/134] Building C object lib/CMakeFiles/zip.dir/zip_file_error_get.c.obj
[26/134] Building C object lib/CMakeFiles/zip.dir/zip_file_get_comment.c.obj
[27/134] Building C object lib/CMakeFiles/zip.dir/zip_file_get_external_attributes.c.obj
[28/134] Building C object lib/CMakeFiles/zip.dir/zip_file_get_offset.c.obj
[29/134] Building C object lib/CMakeFiles/zip.dir/zip_file_rename.c.obj
[30/134] Building C object lib/CMakeFiles/zip.dir/zip_file_replace.c.obj
[31/134] Building C object lib/CMakeFiles/zip.dir/zip_file_set_comment.c.obj
[32/134] Building C object lib/CMakeFiles/zip.dir/zip_file_set_encryption.c.obj
[33/134] Building C object lib/CMakeFiles/zip.dir/zip_file_set_external_attributes.c.obj
[34/134] Building C object lib/CMakeFiles/zip.dir/zip_file_set_mtime.c.obj
[35/134] Building C object lib/CMakeFiles/zip.dir/zip_file_strerror.c.obj
[36/134] Building C object lib/CMakeFiles/zip.dir/zip_fopen.c.obj
[37/134] Building C object lib/CMakeFiles/zip.dir/zip_fopen_encrypted.c.obj
[38/134] Building C object lib/CMakeFiles/zip.dir/zip_fopen_index.c.obj
[39/134] Building C object lib/CMakeFiles/zip.dir/zip_fopen_index_encrypted.c.obj
[40/134] Building C object lib/CMakeFiles/zip.dir/zip_fread.c.obj
[41/134] Building C object lib/CMakeFiles/zip.dir/zip_fseek.c.obj
[42/134] Building C object lib/CMakeFiles/zip.dir/zip_ftell.c.obj
[43/134] Building C object lib/CMakeFiles/zip.dir/zip_get_archive_comment.c.obj
[44/134] Building C object lib/CMakeFiles/zip.dir/zip_get_archive_flag.c.obj
[45/134] Building C object lib/CMakeFiles/zip.dir/zip_get_encryption_implementation.c.obj
[46/134] Building C object lib/CMakeFiles/zip.dir/zip_get_file_comment.c.obj
[47/134] Building C object lib/CMakeFiles/zip.dir/zip_get_name.c.obj
[48/134] Building C object lib/CMakeFiles/zip.dir/zip_get_num_entries.c.obj
[49/134] Building C object lib/CMakeFiles/zip.dir/zip_get_num_files.c.obj
[50/134] Building C object lib/CMakeFiles/zip.dir/zip_libzip_version.c.obj
[51/134] Building C object lib/CMakeFiles/zip.dir/zip_hash.c.obj
[52/134] Building C object lib/CMakeFiles/zip.dir/zip_memdup.c.obj
[53/134] Building C object lib/CMakeFiles/zip.dir/zip_io_util.c.obj
[54/134] Building C object lib/CMakeFiles/zip.dir/zip_name_locate.c.obj
[55/134] Building C object lib/CMakeFiles/zip.dir/zip_new.c.obj
[56/134] Building C object lib/CMakeFiles/zip.dir/zip_pkware.c.obj
[57/134] Building C object lib/CMakeFiles/zip.dir/zip_realloc.c.obj
[58/134] Building C object lib/CMakeFiles/zip.dir/zip_rename.c.obj
[59/134] Building C object lib/CMakeFiles/zip.dir/zip_progress.c.obj
[60/134] Building C object lib/CMakeFiles/zip.dir/zip_open.c.obj
[61/134] Building C object lib/CMakeFiles/zip.dir/zip_replace.c.obj
[62/134] Building C object lib/CMakeFiles/zip.dir/zip_set_archive_flag.c.obj
[63/134] Building C object lib/CMakeFiles/zip.dir/zip_set_archive_comment.c.obj
[64/134] Building C object lib/CMakeFiles/zip.dir/zip_set_default_password.c.obj
[65/134] Building C object lib/CMakeFiles/zip.dir/zip_set_file_comment.c.obj
[66/134] Building C object lib/CMakeFiles/zip.dir/zip_set_file_compression.c.obj
[67/134] Building C object lib/CMakeFiles/zip.dir/zip_source_accept_empty.c.obj
[68/134] Building C object lib/CMakeFiles/zip.dir/zip_set_name.c.obj
[69/134] Building C object lib/CMakeFiles/zip.dir/zip_source_begin_write.c.obj
[70/134] Building C object lib/CMakeFiles/zip.dir/zip_source_begin_write_cloning.c.obj
[71/134] Building C object lib/CMakeFiles/zip.dir/zip_source_call.c.obj
[72/134] Building C object lib/CMakeFiles/zip.dir/zip_source_close.c.obj
[73/134] Building C object lib/CMakeFiles/zip.dir/zip_source_commit_write.c.obj
[74/134] Building C object lib/CMakeFiles/zip.dir/zip_source_crc.c.obj
[75/134] Building C object lib/CMakeFiles/zip.dir/zip_source_error.c.obj
[76/134] Building C object lib/CMakeFiles/zip.dir/zip_source_compress.c.obj
[77/134] Building C object lib/CMakeFiles/zip.dir/zip_source_buffer.c.obj
[78/134] Building C object lib/CMakeFiles/zip.dir/zip_source_file_common.c.obj
[79/134] Building C object lib/CMakeFiles/zip.dir/zip_source_free.c.obj
[80/134] Building C object lib/CMakeFiles/zip.dir/zip_source_file_stdio.c.obj
[81/134] Building C object lib/CMakeFiles/zip.dir/zip_source_function.c.obj
[82/134] Building C object lib/CMakeFiles/zip.dir/zip_source_get_dostime.c.obj
[83/134] Building C object lib/CMakeFiles/zip.dir/zip_source_is_deleted.c.obj
[84/134] Building C object lib/CMakeFiles/zip.dir/zip_source_layered.c.obj
[85/134] Building C object lib/CMakeFiles/zip.dir/zip_source_get_file_attributes.c.obj
[86/134] Building C object lib/CMakeFiles/zip.dir/zip_source_open.c.obj
[87/134] Building C object lib/CMakeFiles/zip.dir/zip_source_pass_to_lower_layer.c.obj
[88/134] Building C object lib/CMakeFiles/zip.dir/zip_source_pkware_decode.c.obj
[89/134] Building C object lib/CMakeFiles/zip.dir/zip_source_pkware_encode.c.obj
[90/134] Building C object lib/CMakeFiles/zip.dir/zip_source_read.c.obj
[91/134] Building C object lib/CMakeFiles/zip.dir/zip_source_remove.c.obj
[92/134] Building C object lib/CMakeFiles/zip.dir/zip_source_rollback_write.c.obj
[93/134] Building C object lib/CMakeFiles/zip.dir/zip_source_seek.c.obj
[94/134] Building C object lib/CMakeFiles/zip.dir/zip_source_seek_write.c.obj
[95/134] Building C object lib/CMakeFiles/zip.dir/zip_source_stat.c.obj
[96/134] Building C object lib/CMakeFiles/zip.dir/zip_source_supports.c.obj
[97/134] Building C object lib/CMakeFiles/zip.dir/zip_source_tell.c.obj
[98/134] Building C object lib/CMakeFiles/zip.dir/zip_source_tell_write.c.obj
[99/134] Building C object lib/CMakeFiles/zip.dir/zip_source_write.c.obj
[100/134] Building C object lib/CMakeFiles/zip.dir/zip_source_window.c.obj
[101/134] Building C object lib/CMakeFiles/zip.dir/zip_source_zip.c.obj
[102/134] Building C object lib/CMakeFiles/zip.dir/zip_stat.c.obj
[103/134] Building C object lib/CMakeFiles/zip.dir/zip_source_zip_new.c.obj
[104/134] Building C object lib/CMakeFiles/zip.dir/zip_stat_init.c.obj
[105/134] Building C object lib/CMakeFiles/zip.dir/zip_stat_index.c.obj
[106/134] Building C object lib/CMakeFiles/zip.dir/zip_strerror.c.obj
[107/134] Building C object lib/CMakeFiles/zip.dir/zip_unchange_all.c.obj
[108/134] Building C object lib/CMakeFiles/zip.dir/zip_string.c.obj
[109/134] Building C object lib/CMakeFiles/zip.dir/zip_unchange.c.obj
[110/134] Building C object lib/CMakeFiles/zip.dir/zip_unchange_archive.c.obj
[111/134] Building C object lib/CMakeFiles/zip.dir/zip_unchange_data.c.obj
[112/134] Building C object lib/CMakeFiles/zip.dir/zip_err_str.c.obj
[113/134] Building C object lib/CMakeFiles/zip.dir/zip_utf-8.c.obj
[114/134] Building C object lib/CMakeFiles/zip.dir/zip_source_file_win32.c.obj
[115/134] Building C object lib/CMakeFiles/zip.dir/zip_source_file_win32_utf16.c.obj
[116/134] Building C object lib/CMakeFiles/zip.dir/zip_source_file_win32_named.c.obj
[117/134] Building C object lib/CMakeFiles/zip.dir/zip_source_file_win32_utf8.c.obj
[118/134] Building C object lib/CMakeFiles/zip.dir/zip_algorithm_xz.c.obj
[119/134] Building C object lib/CMakeFiles/zip.dir/zip_algorithm_zstd.c.obj
[120/134] Building C object lib/CMakeFiles/zip.dir/zip_random_win32.c.obj
[121/134] Building C object lib/CMakeFiles/zip.dir/zip_algorithm_bzip2.c.obj
[122/134] Building C object lib/CMakeFiles/zip.dir/zip_source_file_win32_ansi.c.obj
[123/134] Building C object lib/CMakeFiles/zip.dir/zip_winzip_aes.c.obj
[124/134] Building C object lib/CMakeFiles/zip.dir/zip_source_winzip_aes_decode.c.obj
[125/134] Building C object lib/CMakeFiles/zip.dir/zip_source_winzip_aes_encode.c.obj
[126/134] Building C object src/CMakeFiles/zipcmp.dir/diff_output.c.obj
[127/134] Building C object src/CMakeFiles/zipmerge.dir/zipmerge.c.obj
[128/134] Building C object src/CMakeFiles/zipcmp.dir/zipcmp.c.obj
[129/134] Building C object lib/CMakeFiles/zip.dir/zip_crypto_win.c.obj
[130/134] Building C object src/CMakeFiles/ziptool.dir/ziptool.c.obj
[131/134] Linking C static library lib\libzip.a
[132/134] Linking C executable src\zipcmp.exe
[133/134] Linking C executable src\zipmerge.exe
[134/134] Linking C executable src\ziptool.exe
