linux-wsl: native-versions pass (0.011s)
linux-wsl: sevenzip-version pass (0.006s)
linux-wsl: sevenzip-read-mainstream.zip pass (0.0193s)
linux-wsl: sevenzip-read-small-zip64.zip pass (0.0186s)
linux-wsl: sevenzip-read-mainstream.tar pass (0.0181s)
linux-wsl: sevenzip-read-mainstream.tar.gz pass (0.0188s)
linux-wsl: sevenzip-read-legacy.lzh pass (0.0181s)
linux-wsl: sevenzip-read-test_read_format_lha_lh6.lzh pass (0.0347s)
linux-wsl: sevenzip-read-test_read_format_lha_lh7.lzh pass (0.0351s)
linux-wsl: sevenzip-read-test_read_format_cab_lzx_16bit.cab fail (0.0201s)
linux-wsl: libarchive-read-mainstream.zip pass (0.0106s)
linux-wsl: libarchive-read-small-zip64.zip pass (0.0108s)
linux-wsl: libarchive-read-mainstream.tar pass (0.0116s)
linux-wsl: libarchive-read-mainstream.tar.gz pass (0.0107s)
linux-wsl: libarchive-read-legacy.lzh pass (0.0105s)
linux-wsl: libarchive-read-test_read_format_lha_lh6.lzh pass (0.0103s)
linux-wsl: libarchive-read-test_read_format_lha_lh7.lzh pass (0.0099s)
linux-wsl: libarchive-read-test_read_format_cab_lzx_16bit.cab pass (0.0102s)
linux-wsl: xad-stable-read-mainstream.zip pass (0.1176s)
linux-wsl: xad-stable-read-small-zip64.zip pass (0.0344s)
linux-wsl: xad-stable-read-mainstream.tar pass (0.0347s)
linux-wsl: xad-stable-read-mainstream.tar.gz pass (0.035s)
linux-wsl: xad-stable-read-legacy.lzh pass (0.0343s)
linux-wsl: xad-stable-read-test_read_format_lha_lh6.lzh pass (0.0343s)
linux-wsl: xad-stable-read-test_read_format_lha_lh7.lzh pass (0.0346s)
linux-wsl: xad-stable-read-test_read_format_cab_lzx_16bit.cab pass (0.0344s)
linux-wsl: xad-head-read-mainstream.zip pass (0.0363s)
linux-wsl: xad-head-read-small-zip64.zip pass (0.0344s)
linux-wsl: xad-head-read-mainstream.tar pass (0.0377s)
linux-wsl: xad-head-read-mainstream.tar.gz pass (0.0357s)
linux-wsl: xad-head-read-legacy.lzh pass (0.0352s)
linux-wsl: xad-head-read-test_read_format_lha_lh6.lzh pass (0.0358s)
linux-wsl: xad-head-read-test_read_format_lha_lh7.lzh pass (0.0352s)
linux-wsl: xad-head-read-test_read_format_cab_lzx_16bit.cab pass (0.036s)
linux-wsl: libzip-reject-truncated.zip pass (0.0105s)
linux-wsl: libzip-reject-bad-checksum.zip pass (0.0102s)
linux-wsl: sevenzip-reject-truncated.zip pass (0.0184s)
linux-wsl: sevenzip-reject-bad-checksum.zip pass (0.0186s)
linux-wsl: libarchive-reject-truncated.zip pass (0.0104s)
linux-wsl: libarchive-reject-bad-checksum.zip pass (0.0112s)
linux-wsl: xad-stable-reject-truncated.zip pass (0.0678s)
linux-wsl: xad-stable-reject-bad-checksum.zip pass (0.035s)
linux-wsl: xad-head-reject-truncated.zip pass (0.0666s)
linux-wsl: xad-head-reject-bad-checksum.zip pass (0.0351s)
linux-wsl: libzip-selected-extract pass (0.0112s)
linux-wsl: libarchive-selected-extract pass (0.0106s)
linux-wsl: sevenzip-selected-extract pass (0.0183s)
linux-wsl: sevenzip-create-zip pass (0.0352s)
linux-wsl: libarchive-read-created-zip pass (0.0063s)
linux-wsl: libarchive-extract-created-zip pass (0.0217s)
linux-wsl: sevenzip-create-7z pass (0.0353s)
linux-wsl: libarchive-read-created-7z pass (0.0063s)
linux-wsl: sevenzip-solid-property pass (0.0195s)
linux-wsl: libarchive-extract-created-7z pass (0.0068s)
linux-wsl: sevenzip-create-tar pass (0.0191s)
linux-wsl: libarchive-read-created-tar pass (0.0056s)
linux-wsl: libarchive-extract-created-tar pass (0.0068s)
linux-wsl: sevenzip-create-tar.gz pass (0.006s)
linux-wsl: libarchive-read-created-tar.gz pass (0.0059s)
linux-wsl: libarchive-extract-created-tar.gz pass (0.0066s)
linux-wsl: libarchive-create-tar pass (0.0348s)
linux-wsl: sevenzip-verify-libarchive-created-tar pass (0.0058s)
linux-wsl: libarchive-create-tar.gz pass (0.0341s)
linux-wsl: sevenzip-verify-libarchive-created-tar.gz pass (0.0077s)
linux-wsl: libzip-create-encrypted pass (0.0104s)
linux-wsl: libzip-correct-password pass (0.0103s)
linux-wsl: libzip-wrong-password pass (0.0104s)
linux-wsl: libarchive-correct-password pass (0.0114s)
linux-wsl: libarchive-wrong-password pass (0.0112s)
linux-wsl: libzip-create pass (0.0071s)
linux-wsl: libzip-edit pass (0.0101s)
linux-wsl: libzip-cancel-edit pass (0.0065s)
linux-wsl: sevenzip-update-zip pass (0.0101s)
linux-wsl: sevenzip-delete-zip pass (0.0064s)
linux-wsl: sevenzip-rename-zip pass (0.006s)
linux-wsl: libarchive-verify-sevenzip-edit-zip pass (0.0062s)
linux-wsl: libarchive-extract-sevenzip-edit-zip pass (0.0061s)
linux-wsl: sevenzip-update-7z pass (0.0101s)
linux-wsl: sevenzip-delete-7z pass (0.0107s)
linux-wsl: sevenzip-rename-7z pass (0.0065s)
linux-wsl: libarchive-verify-sevenzip-edit-7z pass (0.0068s)
linux-wsl: libarchive-extract-sevenzip-edit-7z pass (0.0101s)
linux-wsl: sevenzip-create-split pass (0.0186s)
linux-wsl: sevenzip-read-split pass (0.0063s)
linux-wsl: sevenzip-reject-missing-volume pass (0.0106s)
linux-wsl: sevenzip-list-absolute-and-drive-paths pass (0.0103s)
linux-wsl: sevenzip-fs-relative-escape.zip pass (0.0186s)
linux-wsl: sevenzip-fs-links.tar pass (0.0197s)
linux-wsl: sevenzip-fs-case-collision.zip pass (0.0193s)
linux-wsl: sevenzip-fs-duplicates.zip pass (0.0188s)
linux-wsl: sevenzip-fs-windows-names.zip pass (0.0183s)
linux-wsl: sevenzip-write-failure pass (0.0183s)
linux-wsl: libarchive-list-absolute-and-drive-paths pass (0.0103s)
linux-wsl: libarchive-fs-relative-escape.zip pass (0.0103s)
linux-wsl: libarchive-fs-links.tar pass (0.0102s)
linux-wsl: libarchive-fs-case-collision.zip pass (0.0108s)
linux-wsl: libarchive-fs-duplicates.zip pass (0.0109s)
linux-wsl: libarchive-fs-windows-names.zip pass (0.0108s)
linux-wsl: libarchive-write-failure pass (0.0102s)
linux-wsl: xad-baseline-legacy.bin pass (0.0348s)
linux-wsl: xad-baseline-legacy.hqx pass (0.0352s)
linux-wsl: xad-baseline-legacy.as pass (0.0349s)
linux-wsl: xad-baseline-legacy.cpt pass (0.0348s)
linux-wsl: xad-baseline-legacy.lzh pass (0.0347s)
linux-wsl: xad-baseline-appledouble.zip pass (0.0349s)
linux-wsl: xad-stable-legacy.bin pass (0.0673s)
linux-wsl: xad-stable-legacy.hqx pass (0.0347s)
linux-wsl: xad-stable-legacy.as pass (0.0351s)
linux-wsl: xad-stable-legacy.cpt pass (0.0347s)
linux-wsl: xad-stable-legacy.lzh pass (0.035s)
linux-wsl: xad-stable-appledouble.zip pass (0.0348s)
linux-wsl: xad-stable-stuffit-7 pass (0.0345s)
linux-wsl: xad-stable-stuffit-wrong-7 pass (0.0342s)
linux-wsl: xad-stable-stuffit-12 fail (0.0344s)
linux-wsl: xad-stable-stuffit-wrong-12 pass (0.0349s)
linux-wsl: xad-head-legacy.bin pass (0.0692s)
linux-wsl: xad-head-legacy.hqx pass (0.035s)
linux-wsl: xad-head-legacy.as pass (0.036s)
linux-wsl: xad-head-legacy.cpt pass (0.0347s)
linux-wsl: xad-head-legacy.lzh pass (0.0351s)
linux-wsl: xad-head-appledouble.zip pass (0.0341s)
linux-wsl: xad-head-stuffit-7 pass (0.0348s)
linux-wsl: xad-head-stuffit-wrong-7 pass (0.0348s)
linux-wsl: xad-head-stuffit-12 pass (0.0347s)
linux-wsl: xad-head-stuffit-wrong-12 pass (0.0347s)
linux-wsl: sevenzip-list-100k pass (1.4695s)
linux-wsl: libzip-list-100k pass (0.5677s)
linux-wsl: libarchive-list-100k pass (0.6182s)
linux-wsl: xad-stable-list-100k pass (58.1753s)
linux-wsl: sevenzip-read-5g pass (3.2248s)
linux-wsl: libzip-read-5g pass (3.1241s)
linux-wsl: libarchive-read-5g pass (1.8706s)
linux-wsl: native-worker-termination pass (0.0673s)
linux-wsl: staged-update-failure pass (0.0065s)
{"pass": 176, "fail": 7, "unverified": 8}
