linux-wsl: sevenzip-tar-metadata-extract pass (0.0196s)
linux-wsl: libarchive-tar-metadata-extract pass (0.0209s)
linux-wsl: libarchive-lha-test_read_format_lha_bugfix_0 pass (0.0112s)
linux-wsl: sevenzip-lha-test_read_format_lha_bugfix_0 pass (0.0192s)
linux-wsl: xad-lha-test_read_format_lha_bugfix_0 pass (0.1185s)
linux-wsl: libarchive-lha-test_read_format_lha_filename_cp932 pass (0.0112s)
linux-wsl: sevenzip-lha-test_read_format_lha_filename_cp932 pass (0.02s)
linux-wsl: xad-lha-test_read_format_lha_filename_cp932 pass (0.0353s)
linux-wsl: libarchive-lha-test_read_format_lha_filename_utf16 pass (0.0105s)
linux-wsl: sevenzip-lha-test_read_format_lha_filename_utf16 pass (0.0355s)
linux-wsl: xad-lha-test_read_format_lha_filename_utf16 pass (0.0344s)
linux-wsl: libarchive-lha-test_read_format_lha_header0 pass (0.0104s)
linux-wsl: sevenzip-lha-test_read_format_lha_header0 pass (0.0187s)
linux-wsl: xad-lha-test_read_format_lha_header0 pass (0.0351s)
linux-wsl: libarchive-lha-test_read_format_lha_header1 pass (0.0104s)
linux-wsl: sevenzip-lha-test_read_format_lha_header1 pass (0.0356s)
linux-wsl: xad-lha-test_read_format_lha_header1 pass (0.0349s)
linux-wsl: libarchive-lha-test_read_format_lha_header2 pass (0.0106s)
linux-wsl: sevenzip-lha-test_read_format_lha_header2 pass (0.0353s)
linux-wsl: xad-lha-test_read_format_lha_header2 pass (0.0349s)
linux-wsl: libarchive-lha-test_read_format_lha_header3 pass (0.0111s)
linux-wsl: sevenzip-lha-test_read_format_lha_header3 fail (0.0187s)
linux-wsl: xad-lha-test_read_format_lha_header3 pass (0.0354s)
linux-wsl: libarchive-lha-test_read_format_lha_lh0 pass (0.0105s)
linux-wsl: sevenzip-lha-test_read_format_lha_lh0 pass (0.035s)
linux-wsl: xad-lha-test_read_format_lha_lh0 pass (0.0345s)
linux-wsl: libarchive-lha-test_read_format_lha_lh6 pass (0.0101s)
linux-wsl: sevenzip-lha-test_read_format_lha_lh6 pass (0.0189s)
linux-wsl: xad-lha-test_read_format_lha_lh6 pass (0.0348s)
linux-wsl: libarchive-lha-test_read_format_lha_lh7 pass (0.0106s)
linux-wsl: sevenzip-lha-test_read_format_lha_lh7 pass (0.0362s)
linux-wsl: xad-lha-test_read_format_lha_lh7 pass (0.0358s)
linux-wsl: libarchive-lha-test_read_format_lha_oversize_header pass (0.0105s)
linux-wsl: sevenzip-lha-test_read_format_lha_oversize_header pass (0.0351s)
linux-wsl: xad-lha-test_read_format_lha_oversize_header pass (0.0347s)
linux-wsl: libarchive-lha-test_read_format_lha_symlink_missing_target pass (0.0104s)
linux-wsl: sevenzip-lha-test_read_format_lha_symlink_missing_target pass (0.011s)
linux-wsl: xad-lha-test_read_format_lha_symlink_missing_target pass (0.0345s)
linux-wsl: libarchive-lha-test_read_format_lha_withjunk pass (0.0106s)
linux-wsl: sevenzip-lha-test_read_format_lha_withjunk pass (0.0357s)
linux-wsl: xad-lha-test_read_format_lha_withjunk pass (0.0353s)
linux-wsl: libarchive-cab-lzx-oracle pass (0.0112s)
linux-wsl: xad-selected-extraction pass (0.0358s)
linux-wsl: xad-containment-relative-escape.zip pass (0.0348s)
linux-wsl: xad-containment-links.tar pass (0.0355s)
