windows: sevenzip-tar-metadata-extract pass (0.0274s)
windows: libarchive-tar-metadata-extract fail (0.0237s)
windows: libarchive-lha-test_read_format_lha_bugfix_0 pass (0.0236s)
windows: sevenzip-lha-test_read_format_lha_bugfix_0 pass (0.0247s)
windows: libarchive-lha-test_read_format_lha_filename_cp932 pass (0.0218s)
windows: sevenzip-lha-test_read_format_lha_filename_cp932 pass (0.025s)
windows: libarchive-lha-test_read_format_lha_filename_utf16 pass (0.0204s)
windows: sevenzip-lha-test_read_format_lha_filename_utf16 pass (0.0371s)
windows: libarchive-lha-test_read_format_lha_header0 pass (0.0213s)
windows: sevenzip-lha-test_read_format_lha_header0 pass (0.023s)
windows: libarchive-lha-test_read_format_lha_header1 pass (0.0214s)
windows: sevenzip-lha-test_read_format_lha_header1 pass (0.0279s)
windows: libarchive-lha-test_read_format_lha_header2 pass (0.0264s)
windows: sevenzip-lha-test_read_format_lha_header2 pass (0.0343s)
windows: libarchive-lha-test_read_format_lha_header3 pass (0.0265s)
windows: sevenzip-lha-test_read_format_lha_header3 fail (0.0324s)
windows: libarchive-lha-test_read_format_lha_lh0 pass (0.0251s)
windows: sevenzip-lha-test_read_format_lha_lh0 pass (0.0313s)
windows: libarchive-lha-test_read_format_lha_lh6 pass (0.0238s)
windows: sevenzip-lha-test_read_format_lha_lh6 pass (0.0261s)
windows: libarchive-lha-test_read_format_lha_lh7 pass (0.0227s)
windows: sevenzip-lha-test_read_format_lha_lh7 pass (0.0292s)
windows: libarchive-lha-test_read_format_lha_oversize_header pass (0.0367s)
windows: sevenzip-lha-test_read_format_lha_oversize_header pass (0.036s)
windows: libarchive-lha-test_read_format_lha_symlink_missing_target pass (0.0315s)
windows: sevenzip-lha-test_read_format_lha_symlink_missing_target pass (0.0331s)
windows: libarchive-lha-test_read_format_lha_withjunk pass (0.0312s)
windows: sevenzip-lha-test_read_format_lha_withjunk pass (0.0448s)
windows: libarchive-cab-lzx-oracle pass (0.0372s)
