Reading package lists...
Building dependency tree...
Reading state information...
The following package was automatically installed and is no longer required:
  libllvm19
Use 'apt autoremove' to remove it.
The following additional packages will be installed:
  autoconf automake autopoint debhelper debugedit dh-autoreconf
  dh-strip-nondeterminism dwz fp-compiler fp-compiler-3.2.2 fp-docs-3.2.2
  fp-ide-3.2.2 fp-units-base-3.2.2 fp-units-db-3.2.2 fp-units-fcl-3.2.2
  fp-units-fv-3.2.2 fp-units-gfx-3.2.2 fp-units-gtk2-3.2.2 fp-units-math-3.2.2
  fp-units-misc-3.2.2 fp-units-multimedia-3.2.2 fp-units-net-3.2.2
  fp-units-rtl-3.2.2 fp-utils-3.2.2 fpc fpc-3.2.2 fpc-source-3.2.2 gdb gettext
  gir1.2-gtk-2.0 intltool-debian lazarus-ide-3.0 lazarus-ide-gtk2-3.0
  lazarus-src-3.0 lcl-3.0 lcl-gtk2-3.0 lcl-nogui-3.0 lcl-units-3.0
  lcl-utils-3.0 liba52-0.7.4 liba52-0.7.4-dev libaom-dev libarchive-cpio-perl
  libarchive-zip-perl libbabeltrace1 libc6-dbg libcdt5 libcgraph6 libdav1d-dev
  libdav1d7 libde265-dev libdebhelper-perl libdebuginfod-common
  libdebuginfod1t64 libfile-stripnondeterminism-perl libflac-dev
  libfluidsynth3 libforms-dev libforms2t64 libgail-common libgail18t64
  libgd-dev libglu1-mesa libglu1-mesa-dev libgraphviz-dev libgtk2.0-0t64
  libgtk2.0-bin libgtk2.0-common libgtk2.0-dev libgts-0.7-5t64 libgts-bin
  libgvc6 libgvc6-plugins-gtk libgvpr2 libheif-dev libidn12 libinstpatch-1.0-2
  libipt2 libjack-jackd2-0 liblab-gamut1 libltdl-dev libltdl7 libmad0
  libmad0-dev libmail-sendmail-perl libmikmod-dev libmikmod3 libmodplug-dev
  libmodplug1 libnuma1 libogg-dev libopenal-data libopenal1 libpathplan4
  libproxy-tools libsdl-mixer1.2 libsdl-mixer1.2-dev libsdl1.2-dev
  libsdl1.2debian libsource-highlight-common libsource-highlight4t64
  libsub-override-perl libsys-hostname-long-perl libtool libvlc-bin libvlc-dev
  libvlc5 libvlccore9 libvorbis-dev libvorbisfile3 libvpx-dev libx265-199
  libx265-dev libxdot4 libxml2-utils libxpm-dev libxxf86dga-dev po-debconf
  timgm6mb-soundfont
Suggested packages:
  autoconf-archive gnu-standards autoconf-doc dh-make firebird-dev freetds-dev
  libgdbm-dev default-libmysqlclient-dev libpq-dev pxlib-dev unixodbc-dev
  lazarus gdb-doc gdbserver gettext-doc libasprintf-dev libgettextpo-dev
  libforms-bin libforms-doc gvfs libgtk2.0-doc jackd2 libtool-doc
  libportaudio2 gfortran | fortran95-compiler gcj-jdk libx265-doc
  libmail-box-perl fluid-soundfont-gm
Recommended packages:
  libdts-dev
The following NEW packages will be installed:
  autoconf automake autopoint debhelper debugedit dh-autoreconf
  dh-strip-nondeterminism dwz fp-compiler fp-compiler-3.2.2 fp-docs-3.2.2
  fp-ide-3.2.2 fp-units-base-3.2.2 fp-units-db-3.2.2 fp-units-fcl-3.2.2
  fp-units-fv-3.2.2 fp-units-gfx-3.2.2 fp-units-gtk2-3.2.2 fp-units-math-3.2.2
  fp-units-misc-3.2.2 fp-units-multimedia-3.2.2 fp-units-net-3.2.2
  fp-units-rtl-3.2.2 fp-utils-3.2.2 fpc fpc-3.2.2 fpc-source-3.2.2 gdb gettext
  gir1.2-gtk-2.0 intltool-debian lazarus-ide lazarus-ide-3.0
  lazarus-ide-gtk2-3.0 lazarus-src-3.0 lcl-3.0 lcl-gtk2 lcl-gtk2-3.0
  lcl-nogui-3.0 lcl-units-3.0 lcl-utils lcl-utils-3.0 liba52-0.7.4
  liba52-0.7.4-dev libaom-dev libarchive-cpio-perl libarchive-zip-perl
  libbabeltrace1 libc6-dbg libcdt5 libcgraph6 libdav1d-dev libdav1d7
  libde265-dev libdebhelper-perl libdebuginfod-common libdebuginfod1t64
  libfile-stripnondeterminism-perl libflac-dev libfluidsynth3 libforms-dev
  libforms2t64 libgail-common libgail18t64 libgd-dev libglu1-mesa
  libglu1-mesa-dev libgraphviz-dev libgtk2.0-0t64 libgtk2.0-bin
  libgtk2.0-common libgtk2.0-dev libgts-0.7-5t64 libgts-bin libgvc6
  libgvc6-plugins-gtk libgvpr2 libheif-dev libidn12 libinstpatch-1.0-2 libipt2
  libjack-jackd2-0 liblab-gamut1 libltdl-dev libltdl7 libmad0 libmad0-dev
  libmail-sendmail-perl libmikmod-dev libmikmod3 libmodplug-dev libmodplug1
  libnuma1 libogg-dev libopenal-data libopenal1 libpathplan4 libproxy-tools
  libsdl-mixer1.2 libsdl-mixer1.2-dev libsdl1.2-dev libsdl1.2debian
  libsource-highlight-common libsource-highlight4t64 libsub-override-perl
  libsys-hostname-long-perl libtool libvlc-bin libvlc-dev libvlc5 libvlccore9
  libvorbis-dev libvorbisfile3 libvpx-dev libx265-199 libx265-dev libxdot4
  libxml2-utils libxpm-dev libxxf86dga-dev po-debconf timgm6mb-soundfont
0 upgraded, 122 newly installed, 0 to remove and 61 not upgraded.
Need to get 204 MB of archives.
After this operation, 1480 MB of additional disk space will be used.
Get:1 http://archive.ubuntu.com/ubuntu noble-updates/main amd64 libdebuginfod-common all 0.190-1.1ubuntu0.1 [14.6 kB]
Get:2 http://archive.ubuntu.com/ubuntu noble-updates/main amd64 libnuma1 amd64 2.0.18-1ubuntu0.24.04.1 [23.4 kB]
Get:3 http://archive.ubuntu.com/ubuntu noble/main amd64 autoconf all 2.71-3 [339 kB]
Get:4 http://archive.ubuntu.com/ubuntu noble/main amd64 automake all 1:1.16.5-1.3ubuntu1 [558 kB]
Get:5 http://archive.ubuntu.com/ubuntu noble/main amd64 autopoint all 0.21-14ubuntu2 [422 kB]
Get:6 http://archive.ubuntu.com/ubuntu noble/main amd64 libdebhelper-perl all 13.14.1ubuntu5 [89.8 kB]
Get:7 http://archive.ubuntu.com/ubuntu noble/main amd64 libtool all 2.4.7-7build1 [166 kB]
Get:8 http://archive.ubuntu.com/ubuntu noble/main amd64 dh-autoreconf all 20 [16.1 kB]
Get:9 http://archive.ubuntu.com/ubuntu noble/main amd64 libarchive-zip-perl all 1.68-1 [90.2 kB]
Get:10 http://archive.ubuntu.com/ubuntu noble/main amd64 libsub-override-perl all 0.10-1 [10.0 kB]
Get:11 http://archive.ubuntu.com/ubuntu noble/main amd64 libfile-stripnondeterminism-perl all 1.13.1-1 [18.1 kB]
Get:12 http://archive.ubuntu.com/ubuntu noble/main amd64 dh-strip-nondeterminism all 1.13.1-1 [5362 B]
Get:13 http://archive.ubuntu.com/ubuntu noble/main amd64 debugedit amd64 1:5.0-5build2 [46.1 kB]
Get:14 http://archive.ubuntu.com/ubuntu noble/main amd64 dwz amd64 0.15-1build6 [115 kB]
Get:15 http://archive.ubuntu.com/ubuntu noble/main amd64 gettext amd64 0.21-14ubuntu2 [864 kB]
Get:16 http://archive.ubuntu.com/ubuntu noble/main amd64 intltool-debian all 0.35.0+20060710.6 [23.2 kB]
Get:17 http://archive.ubuntu.com/ubuntu noble/main amd64 po-debconf all 1.0.21+nmu1 [233 kB]
Get:18 http://archive.ubuntu.com/ubuntu noble/main amd64 debhelper all 13.14.1ubuntu5 [869 kB]
Get:19 http://archive.ubuntu.com/ubuntu noble/universe amd64 fp-units-rtl-3.2.2 amd64 3.2.2+dfsg-32 [8182 kB]
Get:20 http://archive.ubuntu.com/ubuntu noble/universe amd64 fp-compiler-3.2.2 amd64 3.2.2+dfsg-32 [2152 kB]
Get:21 http://archive.ubuntu.com/ubuntu noble/universe amd64 fp-compiler amd64 3.2.2+dfsg-32 [24.2 kB]
Get:22 http://archive.ubuntu.com/ubuntu noble/universe amd64 fp-docs-3.2.2 all 3.2.2+dfsg-32 [2622 kB]
Get:23 http://archive.ubuntu.com/ubuntu noble/universe amd64 fp-ide-3.2.2 amd64 3.2.2+dfsg-32 [1453 kB]
Get:24 http://archive.ubuntu.com/ubuntu noble/universe amd64 fp-units-base-3.2.2 amd64 3.2.2+dfsg-32 [1328 kB]
Get:25 http://archive.ubuntu.com/ubuntu noble/universe amd64 fp-units-db-3.2.2 amd64 3.2.2+dfsg-32 [3175 kB]
Get:26 http://archive.ubuntu.com/ubuntu noble/universe amd64 fp-units-fcl-3.2.2 amd64 3.2.2+dfsg-32 [8120 kB]
Get:27 http://archive.ubuntu.com/ubuntu noble/universe amd64 fp-units-fv-3.2.2 amd64 3.2.2+dfsg-32 [388 kB]
Get:28 http://archive.ubuntu.com/ubuntu noble/universe amd64 fp-units-gfx-3.2.2 amd64 3.2.2+dfsg-32 [1282 kB]
Get:29 http://archive.ubuntu.com/ubuntu noble-updates/main amd64 libgtk2.0-common all 2.24.33-4ubuntu1.1 [127 kB]
Get:30 http://archive.ubuntu.com/ubuntu noble-updates/main amd64 libgtk2.0-0t64 amd64 2.24.33-4ubuntu1.1 [2006 kB]
Get:31 http://archive.ubuntu.com/ubuntu noble-updates/universe amd64 gir1.2-gtk-2.0 amd64 2.24.33-4ubuntu1.1 [209 kB]
Get:32 http://archive.ubuntu.com/ubuntu noble-updates/main amd64 libxml2-utils amd64 2.9.14+dfsg-1.3ubuntu3.9 [39.4 kB]
Get:33 http://archive.ubuntu.com/ubuntu noble-updates/universe amd64 libgtk2.0-dev amd64 2.24.33-4ubuntu1.1 [779 kB]
Get:34 http://archive.ubuntu.com/ubuntu noble/universe amd64 fp-units-gtk2-3.2.2 amd64 3.2.2+dfsg-32 [1244 kB]
Get:35 http://archive.ubuntu.com/ubuntu noble/universe amd64 fp-units-math-3.2.2 amd64 3.2.2+dfsg-32 [384 kB]
Get:36 http://archive.ubuntu.com/ubuntu noble/universe amd64 fp-units-misc-3.2.2 amd64 3.2.2+dfsg-32 [1674 kB]
Get:37 http://archive.ubuntu.com/ubuntu noble/universe amd64 fp-units-multimedia-3.2.2 amd64 3.2.2+dfsg-32 [260 kB]
Get:38 http://archive.ubuntu.com/ubuntu noble/universe amd64 fp-units-net-3.2.2 amd64 3.2.2+dfsg-32 [9068 kB]
Get:39 http://archive.ubuntu.com/ubuntu noble/universe amd64 fpc-source-3.2.2 all 3.2.2+dfsg-32 [20.2 MB]
Get:40 http://archive.ubuntu.com/ubuntu noble/universe amd64 fp-utils-3.2.2 amd64 3.2.2+dfsg-32 [5338 kB]
Get:41 http://archive.ubuntu.com/ubuntu noble/universe amd64 fpc-3.2.2 all 3.2.2+dfsg-32 [24.7 kB]
Get:42 http://archive.ubuntu.com/ubuntu noble/universe amd64 fpc all 3.2.2+dfsg-32 [24.3 kB]
Get:43 http://archive.ubuntu.com/ubuntu noble/main amd64 libbabeltrace1 amd64 1.5.11-3build3 [164 kB]
Get:44 http://archive.ubuntu.com/ubuntu noble-updates/main amd64 libdebuginfod1t64 amd64 0.190-1.1ubuntu0.1 [17.1 kB]
Get:45 http://archive.ubuntu.com/ubuntu noble/main amd64 libipt2 amd64 2.0.6-1build1 [45.7 kB]
Get:46 http://archive.ubuntu.com/ubuntu noble/main amd64 libsource-highlight-common all 3.1.9-4.3build1 [64.2 kB]
Get:47 http://archive.ubuntu.com/ubuntu noble/main amd64 libsource-highlight4t64 amd64 3.1.9-4.3build1 [258 kB]
Get:48 http://archive.ubuntu.com/ubuntu noble-updates/main amd64 gdb amd64 15.1-1ubuntu1~24.04.1 [4083 kB]
Get:49 http://archive.ubuntu.com/ubuntu noble/universe amd64 lazarus-ide-3.0 amd64 3.0+dfsg1-8build3 [7573 kB]
Get:50 http://archive.ubuntu.com/ubuntu noble/universe amd64 lazarus-ide-gtk2-3.0 amd64 3.0+dfsg1-8build3 [12.2 MB]
Get:51 http://archive.ubuntu.com/ubuntu noble/universe amd64 lazarus-ide all 3.0+dfsg1-8build3 [29.8 kB]
Get:52 http://archive.ubuntu.com/ubuntu noble/universe amd64 lazarus-src-3.0 all 3.0+dfsg1-8build3 [22.3 MB]
Get:53 http://archive.ubuntu.com/ubuntu noble/universe amd64 lcl-nogui-3.0 amd64 3.0+dfsg1-8build3 [10.2 MB]
Get:54 http://archive.ubuntu.com/ubuntu noble/universe amd64 lcl-gtk2-3.0 amd64 3.0+dfsg1-8build3 [16.3 MB]
Get:55 http://archive.ubuntu.com/ubuntu noble/universe amd64 lcl-units-3.0 amd64 3.0+dfsg1-8build3 [23.1 MB]
Get:56 http://archive.ubuntu.com/ubuntu noble/universe amd64 lcl-utils-3.0 amd64 3.0+dfsg1-8build3 [4907 kB]
Get:57 http://archive.ubuntu.com/ubuntu noble/universe amd64 lcl-3.0 amd64 3.0+dfsg1-8build3 [29.8 kB]
Get:58 http://archive.ubuntu.com/ubuntu noble/universe amd64 lcl-gtk2 amd64 3.0+dfsg1-8build3 [29.8 kB]
Get:59 http://archive.ubuntu.com/ubuntu noble/universe amd64 lcl-utils all 3.0+dfsg1-8build3 [29.8 kB]
Get:60 http://archive.ubuntu.com/ubuntu noble/universe amd64 liba52-0.7.4 amd64 0.7.4-20build1 [35.3 kB]
Get:61 http://archive.ubuntu.com/ubuntu noble/universe amd64 liba52-0.7.4-dev amd64 0.7.4-20build1 [52.0 kB]
Get:62 http://archive.ubuntu.com/ubuntu noble-updates/main amd64 libaom-dev amd64 3.8.2-2ubuntu0.2 [2266 kB]
Get:63 http://archive.ubuntu.com/ubuntu noble/main amd64 libarchive-cpio-perl all 0.10-3 [10.3 kB]
Get:64 http://archive.ubuntu.com/ubuntu noble-updates/universe amd64 libcdt5 amd64 2.42.2-9ubuntu0.1 [21.6 kB]
Get:65 http://archive.ubuntu.com/ubuntu noble-updates/universe amd64 libcgraph6 amd64 2.42.2-9ubuntu0.1 [44.6 kB]
Get:66 http://archive.ubuntu.com/ubuntu noble/universe amd64 libdav1d7 amd64 1.4.1-1build1 [604 kB]
Get:67 http://archive.ubuntu.com/ubuntu noble/universe amd64 libdav1d-dev amd64 1.4.1-1build1 [25.3 kB]
Get:68 http://archive.ubuntu.com/ubuntu noble-updates/main amd64 libde265-dev amd64 1.0.15-1ubuntu0.1 [12.6 kB]
Get:69 http://archive.ubuntu.com/ubuntu noble/main amd64 libogg-dev amd64 1.3.5-3build1 [161 kB]
Get:70 http://archive.ubuntu.com/ubuntu noble/main amd64 libflac-dev amd64 1.4.3+ds-2.1ubuntu2 [247 kB]
Get:71 http://archive.ubuntu.com/ubuntu noble/universe amd64 libinstpatch-1.0-2 amd64 1.1.6-1build2 [251 kB]
Get:72 http://archive.ubuntu.com/ubuntu noble/main amd64 libjack-jackd2-0 amd64 1.9.21~dfsg-3ubuntu3 [289 kB]
Get:73 http://archive.ubuntu.com/ubuntu noble/universe amd64 timgm6mb-soundfont all 1.3-5 [5427 kB]
Get:74 http://archive.ubuntu.com/ubuntu noble/universe amd64 libfluidsynth3 amd64 2.3.4-1build3 [249 kB]
Get:75 http://archive.ubuntu.com/ubuntu noble/universe amd64 libforms2t64 amd64 1.2.3-1.7build1 [350 kB]
Get:76 http://archive.ubuntu.com/ubuntu noble-updates/main amd64 libxpm-dev amd64 1:3.5.17-1ubuntu0.24.04.1 [109 kB]
Get:77 http://archive.ubuntu.com/ubuntu noble/universe amd64 libforms-dev amd64 1.2.3-1.7build1 [726 kB]
Get:78 http://archive.ubuntu.com/ubuntu noble-updates/main amd64 libgail18t64 amd64 2.24.33-4ubuntu1.1 [15.9 kB]
Get:79 http://archive.ubuntu.com/ubuntu noble-updates/main amd64 libgail-common amd64 2.24.33-4ubuntu1.1 [126 kB]
Get:80 http://archive.ubuntu.com/ubuntu noble/universe amd64 libx265-199 amd64 3.5-2build1 [1226 kB]
Get:81 http://archive.ubuntu.com/ubuntu noble/universe amd64 libx265-dev amd64 3.5-2build1 [1351 kB]
Get:82 http://archive.ubuntu.com/ubuntu noble-updates/universe amd64 libheif-dev amd64 1.17.6-1ubuntu4.9 [41.7 kB]
Get:83 http://archive.ubuntu.com/ubuntu noble-updates/main amd64 libvpx-dev amd64 1.14.0-1ubuntu2.3 [1318 kB]
Get:84 http://archive.ubuntu.com/ubuntu noble/universe amd64 libgd-dev amd64 2.3.3-9ubuntu5 [258 kB]
Get:85 http://archive.ubuntu.com/ubuntu noble/main amd64 libglu1-mesa amd64 9.0.2-1.1build1 [152 kB]
Get:86 http://archive.ubuntu.com/ubuntu noble/main amd64 libglu1-mesa-dev amd64 9.0.2-1.1build1 [237 kB]
Get:87 http://archive.ubuntu.com/ubuntu noble/universe amd64 libgts-0.7-5t64 amd64 0.7.6+darcs121130-5.2build1 [161 kB]
Get:88 http://archive.ubuntu.com/ubuntu noble/main amd64 libltdl7 amd64 2.4.7-7build1 [40.3 kB]
Get:89 http://archive.ubuntu.com/ubuntu noble-updates/universe amd64 libpathplan4 amd64 2.42.2-9ubuntu0.1 [24.0 kB]
Get:90 http://archive.ubuntu.com/ubuntu noble-updates/universe amd64 libgvc6 amd64 2.42.2-9ubuntu0.1 [716 kB]
Get:91 http://archive.ubuntu.com/ubuntu noble-updates/universe amd64 libgvpr2 amd64 2.42.2-9ubuntu0.1 [187 kB]
Get:92 http://archive.ubuntu.com/ubuntu noble-updates/universe amd64 libxdot4 amd64 2.42.2-9ubuntu0.1 [16.6 kB]
Get:93 http://archive.ubuntu.com/ubuntu noble-updates/universe amd64 liblab-gamut1 amd64 2.42.2-9ubuntu0.1 [1886 kB]
Get:94 http://archive.ubuntu.com/ubuntu noble-updates/universe amd64 libgvc6-plugins-gtk amd64 2.42.2-9ubuntu0.1 [21.0 kB]
Get:95 http://archive.ubuntu.com/ubuntu noble-updates/universe amd64 libgraphviz-dev amd64 2.42.2-9ubuntu0.1 [58.0 kB]
Get:96 http://archive.ubuntu.com/ubuntu noble-updates/main amd64 libgtk2.0-bin amd64 2.24.33-4ubuntu1.1 [7954 B]
Get:97 http://archive.ubuntu.com/ubuntu noble/universe amd64 libgts-bin amd64 0.7.6+darcs121130-5.2build1 [44.0 kB]
Get:98 http://archive.ubuntu.com/ubuntu noble-updates/main amd64 libidn12 amd64 1.42-1ubuntu0.1 [56.1 kB]
Get:99 http://archive.ubuntu.com/ubuntu noble/main amd64 libltdl-dev amd64 2.4.7-7build1 [168 kB]
Get:100 http://archive.ubuntu.com/ubuntu noble/universe amd64 libmad0 amd64 0.15.1b-10.2ubuntu1 [65.5 kB]
Get:101 http://archive.ubuntu.com/ubuntu noble/universe amd64 libmad0-dev amd64 0.15.1b-10.2ubuntu1 [69.4 kB]
Get:102 http://archive.ubuntu.com/ubuntu noble/main amd64 libsys-hostname-long-perl all 1.5-3 [10.6 kB]
Get:103 http://archive.ubuntu.com/ubuntu noble/main amd64 libmail-sendmail-perl all 0.80-3 [21.7 kB]
Get:104 http://archive.ubuntu.com/ubuntu noble/universe amd64 libopenal-data all 1:1.23.1-4build1 [161 kB]
Get:105 http://archive.ubuntu.com/ubuntu noble/universe amd64 libopenal1 amd64 1:1.23.1-4build1 [540 kB]
Get:106 http://archive.ubuntu.com/ubuntu noble/universe amd64 libmikmod3 amd64 3.3.11.1-7build1 [133 kB]
Get:107 http://archive.ubuntu.com/ubuntu noble/universe amd64 libmikmod-dev amd64 3.3.11.1-7build1 [219 kB]
Get:108 http://archive.ubuntu.com/ubuntu noble/universe amd64 libmodplug1 amd64 1:0.8.9.0-3build1 [166 kB]
Get:109 http://archive.ubuntu.com/ubuntu noble/universe amd64 libmodplug-dev amd64 1:0.8.9.0-3build1 [14.9 kB]
Get:110 http://archive.ubuntu.com/ubuntu noble/universe amd64 libproxy-tools amd64 0.5.4-4build1 [7120 B]
Get:111 http://archive.ubuntu.com/ubuntu noble/universe amd64 libsdl1.2debian amd64 1.2.68-2 [101 kB]
Get:112 http://archive.ubuntu.com/ubuntu noble/main amd64 libvorbisfile3 amd64 1.3.7-1build3 [17.1 kB]
Get:113 http://archive.ubuntu.com/ubuntu noble/universe amd64 libsdl-mixer1.2 amd64 1.2.12-18 [80.3 kB]
Get:114 http://archive.ubuntu.com/ubuntu noble/universe amd64 libsdl1.2-dev amd64 1.2.68-2 [80.7 kB]
Get:115 http://archive.ubuntu.com/ubuntu noble/main amd64 libvorbis-dev amd64 1.3.7-1build3 [342 kB]
Get:116 http://archive.ubuntu.com/ubuntu noble/universe amd64 libsdl-mixer1.2-dev amd64 1.2.12-18 [98.4 kB]
Get:117 http://archive.ubuntu.com/ubuntu noble/universe amd64 libvlccore9 amd64 3.0.20-3build6 [475 kB]
Get:118 http://archive.ubuntu.com/ubuntu noble/universe amd64 libvlc5 amd64 3.0.20-3build6 [73.9 kB]
Get:119 http://archive.ubuntu.com/ubuntu noble/universe amd64 libvlc-bin amd64 3.0.20-3build6 [17.7 kB]
Get:120 http://archive.ubuntu.com/ubuntu noble/universe amd64 libvlc-dev amd64 3.0.20-3build6 [58.6 kB]
Get:121 http://archive.ubuntu.com/ubuntu noble/main amd64 libxxf86dga-dev amd64 2:1.1.5-1build1 [16.0 kB]
Get:122 http://archive.ubuntu.com/ubuntu noble-updates/main amd64 libc6-dbg amd64 2.39-0ubuntu8.9 [7474 kB]
debconf: unable to initialize frontend: Dialog
debconf: (Dialog frontend requires a screen at least 13 lines tall and 31 columns wide.)
debconf: falling back to frontend: Readline
Preconfiguring packages ...
Fetched 204 MB in 9s (21.9 MB/s)
Selecting previously unselected package libdebuginfod-common.
(Reading database ... 
(Reading database ... 5%
(Reading database ... 10%
(Reading database ... 15%
(Reading database ... 20%
(Reading database ... 25%
(Reading database ... 30%
(Reading database ... 35%
(Reading database ... 40%
(Reading database ... 45%
(Reading database ... 50%
(Reading database ... 55%
(Reading database ... 60%
(Reading database ... 65%
(Reading database ... 70%
(Reading database ... 75%
(Reading database ... 80%
(Reading database ... 85%
(Reading database ... 90%
(Reading database ... 95%
(Reading database ... 100%
(Reading database ... 101466 files and directories currently installed.)
Preparing to unpack .../000-libdebuginfod-common_0.190-1.1ubuntu0.1_all.deb ...
Unpacking libdebuginfod-common (0.190-1.1ubuntu0.1) ...
Selecting previously unselected package libnuma1:amd64.
Preparing to unpack .../001-libnuma1_2.0.18-1ubuntu0.24.04.1_amd64.deb ...
Unpacking libnuma1:amd64 (2.0.18-1ubuntu0.24.04.1) ...
Selecting previously unselected package autoconf.
Preparing to unpack .../002-autoconf_2.71-3_all.deb ...
Unpacking autoconf (2.71-3) ...
Selecting previously unselected package automake.
Preparing to unpack .../003-automake_1%3a1.16.5-1.3ubuntu1_all.deb ...
Unpacking automake (1:1.16.5-1.3ubuntu1) ...
Selecting previously unselected package autopoint.
Preparing to unpack .../004-autopoint_0.21-14ubuntu2_all.deb ...
Unpacking autopoint (0.21-14ubuntu2) ...
Selecting previously unselected package libdebhelper-perl.
Preparing to unpack .../005-libdebhelper-perl_13.14.1ubuntu5_all.deb ...
Unpacking libdebhelper-perl (13.14.1ubuntu5) ...
Selecting previously unselected package libtool.
Preparing to unpack .../006-libtool_2.4.7-7build1_all.deb ...
Unpacking libtool (2.4.7-7build1) ...
Selecting previously unselected package dh-autoreconf.
Preparing to unpack .../007-dh-autoreconf_20_all.deb ...
Unpacking dh-autoreconf (20) ...
Selecting previously unselected package libarchive-zip-perl.
Preparing to unpack .../008-libarchive-zip-perl_1.68-1_all.deb ...
Unpacking libarchive-zip-perl (1.68-1) ...
Selecting previously unselected package libsub-override-perl.
Preparing to unpack .../009-libsub-override-perl_0.10-1_all.deb ...
Unpacking libsub-override-perl (0.10-1) ...
Selecting previously unselected package libfile-stripnondeterminism-perl.
Preparing to unpack .../010-libfile-stripnondeterminism-perl_1.13.1-1_all.deb ...
Unpacking libfile-stripnondeterminism-perl (1.13.1-1) ...
Selecting previously unselected package dh-strip-nondeterminism.
Preparing to unpack .../011-dh-strip-nondeterminism_1.13.1-1_all.deb ...
Unpacking dh-strip-nondeterminism (1.13.1-1) ...
Selecting previously unselected package debugedit.
Preparing to unpack .../012-debugedit_1%3a5.0-5build2_amd64.deb ...
Unpacking debugedit (1:5.0-5build2) ...
Selecting previously unselected package dwz.
Preparing to unpack .../013-dwz_0.15-1build6_amd64.deb ...
Unpacking dwz (0.15-1build6) ...
Selecting previously unselected package gettext.
Preparing to unpack .../014-gettext_0.21-14ubuntu2_amd64.deb ...
Unpacking gettext (0.21-14ubuntu2) ...
Selecting previously unselected package intltool-debian.
Preparing to unpack .../015-intltool-debian_0.35.0+20060710.6_all.deb ...
Unpacking intltool-debian (0.35.0+20060710.6) ...
Selecting previously unselected package po-debconf.
Preparing to unpack .../016-po-debconf_1.0.21+nmu1_all.deb ...
Unpacking po-debconf (1.0.21+nmu1) ...
Selecting previously unselected package debhelper.
Preparing to unpack .../017-debhelper_13.14.1ubuntu5_all.deb ...
Unpacking debhelper (13.14.1ubuntu5) ...
Selecting previously unselected package fp-units-rtl-3.2.2:amd64.
Preparing to unpack .../018-fp-units-rtl-3.2.2_3.2.2+dfsg-32_amd64.deb ...
Unpacking fp-units-rtl-3.2.2:amd64 (3.2.2+dfsg-32) ...
Selecting previously unselected package fp-compiler-3.2.2:amd64.
Preparing to unpack .../019-fp-compiler-3.2.2_3.2.2+dfsg-32_amd64.deb ...
Unpacking fp-compiler-3.2.2:amd64 (3.2.2+dfsg-32) ...
Selecting previously unselected package fp-compiler:amd64.
Preparing to unpack .../020-fp-compiler_3.2.2+dfsg-32_amd64.deb ...
Unpacking fp-compiler:amd64 (3.2.2+dfsg-32) ...
Selecting previously unselected package fp-docs-3.2.2.
Preparing to unpack .../021-fp-docs-3.2.2_3.2.2+dfsg-32_all.deb ...
Unpacking fp-docs-3.2.2 (3.2.2+dfsg-32) ...
Selecting previously unselected package fp-ide-3.2.2.
Preparing to unpack .../022-fp-ide-3.2.2_3.2.2+dfsg-32_amd64.deb ...
Unpacking fp-ide-3.2.2 (3.2.2+dfsg-32) ...
Selecting previously unselected package fp-units-base-3.2.2:amd64.
Preparing to unpack .../023-fp-units-base-3.2.2_3.2.2+dfsg-32_amd64.deb ...
Unpacking fp-units-base-3.2.2:amd64 (3.2.2+dfsg-32) ...
Selecting previously unselected package fp-units-db-3.2.2:amd64.
Preparing to unpack .../024-fp-units-db-3.2.2_3.2.2+dfsg-32_amd64.deb ...
Unpacking fp-units-db-3.2.2:amd64 (3.2.2+dfsg-32) ...
Selecting previously unselected package fp-units-fcl-3.2.2:amd64.
Preparing to unpack .../025-fp-units-fcl-3.2.2_3.2.2+dfsg-32_amd64.deb ...
Unpacking fp-units-fcl-3.2.2:amd64 (3.2.2+dfsg-32) ...
Selecting previously unselected package fp-units-fv-3.2.2:amd64.
Preparing to unpack .../026-fp-units-fv-3.2.2_3.2.2+dfsg-32_amd64.deb ...
Unpacking fp-units-fv-3.2.2:amd64 (3.2.2+dfsg-32) ...
Selecting previously unselected package fp-units-gfx-3.2.2:amd64.
Preparing to unpack .../027-fp-units-gfx-3.2.2_3.2.2+dfsg-32_amd64.deb ...
Unpacking fp-units-gfx-3.2.2:amd64 (3.2.2+dfsg-32) ...
Selecting previously unselected package libgtk2.0-common.
Preparing to unpack .../028-libgtk2.0-common_2.24.33-4ubuntu1.1_all.deb ...
Unpacking libgtk2.0-common (2.24.33-4ubuntu1.1) ...
Selecting previously unselected package libgtk2.0-0t64:amd64.
Preparing to unpack .../029-libgtk2.0-0t64_2.24.33-4ubuntu1.1_amd64.deb ...
Unpacking libgtk2.0-0t64:amd64 (2.24.33-4ubuntu1.1) ...
Selecting previously unselected package gir1.2-gtk-2.0:amd64.
Preparing to unpack .../030-gir1.2-gtk-2.0_2.24.33-4ubuntu1.1_amd64.deb ...
Unpacking gir1.2-gtk-2.0:amd64 (2.24.33-4ubuntu1.1) ...
Selecting previously unselected package libxml2-utils.
Preparing to unpack .../031-libxml2-utils_2.9.14+dfsg-1.3ubuntu3.9_amd64.deb ...
Unpacking libxml2-utils (2.9.14+dfsg-1.3ubuntu3.9) ...
Selecting previously unselected package libgtk2.0-dev:amd64.
Preparing to unpack .../032-libgtk2.0-dev_2.24.33-4ubuntu1.1_amd64.deb ...
Unpacking libgtk2.0-dev:amd64 (2.24.33-4ubuntu1.1) ...
Selecting previously unselected package fp-units-gtk2-3.2.2:amd64.
Preparing to unpack .../033-fp-units-gtk2-3.2.2_3.2.2+dfsg-32_amd64.deb ...
Unpacking fp-units-gtk2-3.2.2:amd64 (3.2.2+dfsg-32) ...
Selecting previously unselected package fp-units-math-3.2.2:amd64.
Preparing to unpack .../034-fp-units-math-3.2.2_3.2.2+dfsg-32_amd64.deb ...
Unpacking fp-units-math-3.2.2:amd64 (3.2.2+dfsg-32) ...
Selecting previously unselected package fp-units-misc-3.2.2:amd64.
Preparing to unpack .../035-fp-units-misc-3.2.2_3.2.2+dfsg-32_amd64.deb ...
Unpacking fp-units-misc-3.2.2:amd64 (3.2.2+dfsg-32) ...
Selecting previously unselected package fp-units-multimedia-3.2.2:amd64.
Preparing to unpack .../036-fp-units-multimedia-3.2.2_3.2.2+dfsg-32_amd64.deb ...
Unpacking fp-units-multimedia-3.2.2:amd64 (3.2.2+dfsg-32) ...
Selecting previously unselected package fp-units-net-3.2.2:amd64.
Preparing to unpack .../037-fp-units-net-3.2.2_3.2.2+dfsg-32_amd64.deb ...
Unpacking fp-units-net-3.2.2:amd64 (3.2.2+dfsg-32) ...
Selecting previously unselected package fpc-source-3.2.2.
Preparing to unpack .../038-fpc-source-3.2.2_3.2.2+dfsg-32_all.deb ...
Unpacking fpc-source-3.2.2 (3.2.2+dfsg-32) ...
Selecting previously unselected package fp-utils-3.2.2.
Preparing to unpack .../039-fp-utils-3.2.2_3.2.2+dfsg-32_amd64.deb ...
Unpacking fp-utils-3.2.2 (3.2.2+dfsg-32) ...
Selecting previously unselected package fpc-3.2.2.
Preparing to unpack .../040-fpc-3.2.2_3.2.2+dfsg-32_all.deb ...
Unpacking fpc-3.2.2 (3.2.2+dfsg-32) ...
Selecting previously unselected package fpc.
Preparing to unpack .../041-fpc_3.2.2+dfsg-32_all.deb ...
Unpacking fpc (3.2.2+dfsg-32) ...
Selecting previously unselected package libbabeltrace1:amd64.
Preparing to unpack .../042-libbabeltrace1_1.5.11-3build3_amd64.deb ...
Unpacking libbabeltrace1:amd64 (1.5.11-3build3) ...
Selecting previously unselected package libdebuginfod1t64:amd64.
Preparing to unpack .../043-libdebuginfod1t64_0.190-1.1ubuntu0.1_amd64.deb ...
Unpacking libdebuginfod1t64:amd64 (0.190-1.1ubuntu0.1) ...
Selecting previously unselected package libipt2.
Preparing to unpack .../044-libipt2_2.0.6-1build1_amd64.deb ...
Unpacking libipt2 (2.0.6-1build1) ...
Selecting previously unselected package libsource-highlight-common.
Preparing to unpack .../045-libsource-highlight-common_3.1.9-4.3build1_all.deb ...
Unpacking libsource-highlight-common (3.1.9-4.3build1) ...
Selecting previously unselected package libsource-highlight4t64:amd64.
Preparing to unpack .../046-libsource-highlight4t64_3.1.9-4.3build1_amd64.deb ...
Unpacking libsource-highlight4t64:amd64 (3.1.9-4.3build1) ...
Selecting previously unselected package gdb.
Preparing to unpack .../047-gdb_15.1-1ubuntu1~24.04.1_amd64.deb ...
Unpacking gdb (15.1-1ubuntu1~24.04.1) ...
Selecting previously unselected package lazarus-ide-3.0.
Preparing to unpack .../048-lazarus-ide-3.0_3.0+dfsg1-8build3_amd64.deb ...
Unpacking lazarus-ide-3.0 (3.0+dfsg1-8build3) ...
Selecting previously unselected package lazarus-ide-gtk2-3.0.
Preparing to unpack .../049-lazarus-ide-gtk2-3.0_3.0+dfsg1-8build3_amd64.deb ...
Unpacking lazarus-ide-gtk2-3.0 (3.0+dfsg1-8build3) ...
Selecting previously unselected package lazarus-ide.
Preparing to unpack .../050-lazarus-ide_3.0+dfsg1-8build3_all.deb ...
Unpacking lazarus-ide (3.0+dfsg1-8build3) ...
Selecting previously unselected package lazarus-src-3.0.
Preparing to unpack .../051-lazarus-src-3.0_3.0+dfsg1-8build3_all.deb ...
Adding 'diversion of /usr/lib/lazarus/3.0/examples/internalcompiler/demointernalcompiler.lpk to /usr/lib/lazarus/3.0/examples/internalcompiler/demointernalcompiler.lpk.orig by lazarus-src-3.0'
Adding 'diversion of /usr/lib/lazarus/3.0/examples/idehelp/demoidehelp.lpk to /usr/lib/lazarus/3.0/examples/idehelp/demoidehelp.lpk.orig by lazarus-src-3.0'
Adding 'diversion of /usr/lib/lazarus/3.0/examples/codetools/jumptoimplementation/jumptoimplementation.lpk to /usr/lib/lazarus/3.0/examples/codetools/jumptoimplementation/jumptoimplementation.lpk.orig by lazarus-src-3.0'
Adding 'diversion of /usr/lib/lazarus/3.0/examples/xmlresource/xmlresource.lpk to /usr/lib/lazarus/3.0/examples/xmlresource/xmlresource.lpk.orig by lazarus-src-3.0'
Adding 'diversion of /usr/lib/lazarus/3.0/examples/designnonlcl/notlcldesigner.lpk to /usr/lib/lazarus/3.0/examples/designnonlcl/notlcldesigner.lpk.orig by lazarus-src-3.0'
Adding 'diversion of /usr/lib/lazarus/3.0/examples/exploremenu/exploreidemenu.lpk to /usr/lib/lazarus/3.0/examples/exploremenu/exploreidemenu.lpk.orig by lazarus-src-3.0'
Adding 'diversion of /usr/lib/lazarus/3.0/examples/designerbaseclass/designbaseclassdemopkg.lpk to /usr/lib/lazarus/3.0/examples/designerbaseclass/designbaseclassdemopkg.lpk.orig by lazarus-src-3.0'
Adding 'diversion of /usr/lib/lazarus/3.0/examples/pascalstream/CopyAsPasPkg/copyformaspascaldemopkg.lpk to /usr/lib/lazarus/3.0/examples/pascalstream/CopyAsPasPkg/copyformaspascaldemopkg.lpk.orig by lazarus-src-3.0'
Adding 'diversion of /usr/lib/lazarus/3.0/examples/codepageconverter/filefind/filefindlaz.lpk to /usr/lib/lazarus/3.0/examples/codepageconverter/filefind/filefindlaz.lpk.orig by lazarus-src-3.0'
Adding 'diversion of /usr/lib/lazarus/3.0/examples/idequickfix/quickfixexample.lpk to /usr/lib/lazarus/3.0/examples/idequickfix/quickfixexample.lpk.orig by lazarus-src-3.0'
Adding 'diversion of /usr/lib/lazarus/3.0/ide/packages/idedebugger/idedebugger.lpk to /usr/lib/lazarus/3.0/ide/packages/idedebugger/idedebugger.lpk.orig by lazarus-src-3.0'
Adding 'diversion of /usr/lib/lazarus/3.0/ide/packages/ideconfig/ideconfig.lpk to /usr/lib/lazarus/3.0/ide/packages/ideconfig/ideconfig.lpk.orig by lazarus-src-3.0'
Adding 'diversion of /usr/lib/lazarus/3.0/lcl/interfaces/lcl.lpk to /usr/lib/lazarus/3.0/lcl/interfaces/lcl.lpk.orig by lazarus-src-3.0'
Adding 'diversion of /usr/lib/lazarus/3.0/lcl/lclbase.lpk to /usr/lib/lazarus/3.0/lcl/lclbase.lpk.orig by lazarus-src-3.0'
Adding 'diversion of /usr/lib/lazarus/3.0/packager/registration/fcl.lpk to /usr/lib/lazarus/3.0/packager/registration/fcl.lpk.orig by lazarus-src-3.0'
Adding 'diversion of /usr/lib/lazarus/3.0/components/synunihighlighter/synuni.lpk to /usr/lib/lazarus/3.0/components/synunihighlighter/synuni.lpk.orig by lazarus-src-3.0'
Adding 'diversion of /usr/lib/lazarus/3.0/components/plotfunction/lazplotfunction.lpk to /usr/lib/lazarus/3.0/components/plotfunction/lazplotfunction.lpk.orig by lazarus-src-3.0'
Adding 'diversion of /usr/lib/lazarus/3.0/components/sqldbrest/design/sqldbrestschemadesigner.lpk to /usr/lib/lazarus/3.0/components/sqldbrest/design/sqldbrestschemadesigner.lpk.orig by lazarus-src-3.0'
Adding 'diversion of /usr/lib/lazarus/3.0/components/sqldbrest/lazsqldbrest.lpk to /usr/lib/lazarus/3.0/components/sqldbrest/lazsqldbrest.lpk.orig by lazarus-src-3.0'
Adding 'diversion of /usr/lib/lazarus/3.0/components/lazdebuggers/lazdebuggerfpgdbmi/lazdebuggerfpgdbmi.lpk to /usr/lib/lazarus/3.0/components/lazdebuggers/lazdebuggerfpgdbmi/lazdebuggerfpgdbmi.lpk.orig by lazarus-src-3.0'
Adding 'diversion of /usr/lib/lazarus/3.0/components/lazdebuggers/lazdebuggerlldb/lazdebuggerlldb.lpk to /usr/lib/lazarus/3.0/components/lazdebuggers/lazdebuggerlldb/lazdebuggerlldb.lpk.orig by lazarus-src-3.0'
Adding 'diversion of /usr/lib/lazarus/3.0/components/lazdebuggers/lazdebuggerfp/lazdebuggerfp.lpk to /usr/lib/lazarus/3.0/components/lazdebuggers/lazdebuggerfp/lazdebuggerfp.lpk.orig by lazarus-src-3.0'
Adding 'diversion of /usr/lib/lazarus/3.0/components/lazdebuggers/lazdebugtestbase/lazdebugtestbase.lpk to /usr/lib/lazarus/3.0/components/lazdebuggers/lazdebugtestbase/lazdebugtestbase.lpk.orig by lazarus-src-3.0'
Adding 'diversion of /usr/lib/lazarus/3.0/components/lazdebuggers/lazdebuggerfplldb/lazdebuggerfplldb.lpk to /usr/lib/lazarus/3.0/components/lazdebuggers/lazdebuggerfplldb/lazdebuggerfplldb.lpk.orig by lazarus-src-3.0'
Adding 'diversion of /usr/lib/lazarus/3.0/components/lazdebuggers/lazdebuggerfprspremote/lazdebuggerfprspremote.lpk to /usr/lib/lazarus/3.0/components/lazdebuggers/lazdebuggerfprspremote/lazdebuggerfprspremote.lpk.orig by lazarus-src-3.0'
Adding 'diversion of /usr/lib/lazarus/3.0/components/lazdebuggers/cmdlinedebuggerbase/cmdlinedebuggerbase.lpk to /usr/lib/lazarus/3.0/components/lazdebuggers/cmdlinedebuggerbase/cmdlinedebuggerbase.lpk.orig by lazarus-src-3.0'
Adding 'diversion of /usr/lib/lazarus/3.0/components/lazdebuggers/lazdebuggerintf/lazdebuggerintf.lpk to /usr/lib/lazarus/3.0/components/lazdebuggers/lazdebuggerintf/lazdebuggerintf.lpk.orig by lazarus-src-3.0'
Adding 'diversion of /usr/lib/lazarus/3.0/components/lazdebuggers/lazdebuggerfpdserver/lazdebuggerfpdserver.lpk to /usr/lib/lazarus/3.0/components/lazdebuggers/lazdebuggerfpdserver/lazdebuggerfpdserver.lpk.orig by lazarus-src-3.0'
Adding 'diversion of /usr/lib/lazarus/3.0/components/macfiles/macosfiles.lpk to /usr/lib/lazarus/3.0/components/macfiles/macosfiles.lpk.orig by lazarus-src-3.0'
Adding 'diversion of /usr/lib/lazarus/3.0/components/synedit/design/syneditdsgn.lpk to /usr/lib/lazarus/3.0/components/synedit/design/syneditdsgn.lpk.orig by lazarus-src-3.0'
Adding 'diversion of /usr/lib/lazarus/3.0/components/synedit/synedit.lpk to /usr/lib/lazarus/3.0/components/synedit/synedit.lpk.orig by lazarus-src-3.0'
Adding 'diversion of /usr/lib/lazarus/3.0/components/pas2js/pas2jsdsgn.lpk to /usr/lib/lazarus/3.0/components/pas2js/pas2jsdsgn.lpk.orig by lazarus-src-3.0'
Adding 'diversion of /usr/lib/lazarus/3.0/components/pas2js/components/pas2jscomponents.lpk to /usr/lib/lazarus/3.0/components/pas2js/components/pas2jscomponents.lpk.orig by lazarus-src-3.0'
Adding 'diversion of /usr/lib/lazarus/3.0/components/multithreadprocs/multithreadprocslaz.lpk to /usr/lib/lazarus/3.0/components/multithreadprocs/multithreadprocslaz.lpk.orig by lazarus-src-3.0'
Adding 'diversion of /usr/lib/lazarus/3.0/components/messagecomposer/messagecomposerpkg.lpk to /usr/lib/lazarus/3.0/components/messagecomposer/messagecomposerpkg.lpk.orig by lazarus-src-3.0'
Adding 'diversion of /usr/lib/lazarus/3.0/components/tdbf/dbflaz.lpk to /usr/lib/lazarus/3.0/components/tdbf/dbflaz.lpk.orig by lazarus-src-3.0'
Adding 'diversion of /usr/lib/lazarus/3.0/components/activex/LazActiveX.lpk to /usr/lib/lazarus/3.0/components/activex/LazActiveX.lpk.orig by lazarus-src-3.0'
Adding 'diversion of /usr/lib/lazarus/3.0/components/customdrawn/customdrawn.lpk to /usr/lib/lazarus/3.0/components/customdrawn/customdrawn.lpk.orig by lazarus-src-3.0'
Adding 'diversion of /usr/lib/lazarus/3.0/components/dockedformeditor/dockedformeditor.lpk to /usr/lib/lazarus/3.0/components/dockedformeditor/dockedformeditor.lpk.orig by lazarus-src-3.0'
Adding 'diversion of /usr/lib/lazarus/3.0/components/PascalScript/Source/pascalscript.lpk to /usr/lib/lazarus/3.0/components/PascalScript/Source/pascalscript.lpk.orig by lazarus-src-3.0'
Adding 'diversion of /usr/lib/lazarus/3.0/components/PascalScript/Source/pascalscriptfcl.lpk to /usr/lib/lazarus/3.0/components/PascalScript/Source/pascalscriptfcl.lpk.orig by lazarus-src-3.0'
Adding 'diversion of /usr/lib/lazarus/3.0/components/codetools/ide/cody.lpk to /usr/lib/lazarus/3.0/components/codetools/ide/cody.lpk.orig by lazarus-src-3.0'
Adding 'diversion of /usr/lib/lazarus/3.0/components/codetools/codetools.lpk to /usr/lib/lazarus/3.0/components/codetools/codetools.lpk.orig by lazarus-src-3.0'
Adding 'diversion of /usr/lib/lazarus/3.0/components/rtticontrols/runtimetypeinfocontrols.lpk to /usr/lib/lazarus/3.0/components/rtticontrols/runtimetypeinfocontrols.lpk.orig by lazarus-src-3.0'
Adding 'diversion of /usr/lib/lazarus/3.0/components/wiki/lazwiki/lazwiki.lpk to /usr/lib/lazarus/3.0/components/wiki/lazwiki/lazwiki.lpk.orig by lazarus-src-3.0'
Adding 'diversion of /usr/lib/lazarus/3.0/components/customform/demo/appforms.lpk to /usr/lib/lazarus/3.0/components/customform/demo/appforms.lpk.orig by lazarus-src-3.0'
Adding 'diversion of /usr/lib/lazarus/3.0/components/customform/lazcustforms.lpk to /usr/lib/lazarus/3.0/components/customform/lazcustforms.lpk.orig by lazarus-src-3.0'
Adding 'diversion of /usr/lib/lazarus/3.0/components/fpvectorial/fpvectorial2aggpaspkg.lpk to /usr/lib/lazarus/3.0/components/fpvectorial/fpvectorial2aggpaspkg.lpk.orig by lazarus-src-3.0'
Adding 'diversion of /usr/lib/lazarus/3.0/components/fpvectorial/fpvectorialpkg.lpk to /usr/lib/lazarus/3.0/components/fpvectorial/fpvectorialpkg.lpk.orig by lazarus-src-3.0'
Adding 'diversion of /usr/lib/lazarus/3.0/components/aggpas/lazarus/aggpaslcl.lpk to /usr/lib/lazarus/3.0/components/aggpas/lazarus/aggpaslcl.lpk.orig by lazarus-src-3.0'
Adding 'diversion of /usr/lib/lazarus/3.0/components/pochecker/pochecker.lpk to /usr/lib/lazarus/3.0/components/pochecker/pochecker.lpk.orig by lazarus-src-3.0'
Adding 'diversion of /usr/lib/lazarus/3.0/components/favorites/favorites.lpk to /usr/lib/lazarus/3.0/components/favorites/favorites.lpk.orig by lazarus-src-3.0'
Adding 'diversion of /usr/lib/lazarus/3.0/components/fppkg/src/fppkgpackagemanager.lpk to /usr/lib/lazarus/3.0/components/fppkg/src/fppkgpackagemanager.lpk.orig by lazarus-src-3.0'
Adding 'diversion of /usr/lib/lazarus/3.0/components/cairocanvas/cairocanvas_pkg.lpk to /usr/lib/lazarus/3.0/components/cairocanvas/cairocanvas_pkg.lpk.orig by lazarus-src-3.0'
Adding 'diversion of /usr/lib/lazarus/3.0/components/fpdebug/fpdebug.lpk to /usr/lib/lazarus/3.0/components/fpdebug/fpdebug.lpk.orig by lazarus-src-3.0'
Adding 'diversion of /usr/lib/lazarus/3.0/components/tachart/fpvectorial/tachartfpvectorial.lpk to /usr/lib/lazarus/3.0/components/tachart/fpvectorial/tachartfpvectorial.lpk.orig by lazarus-src-3.0'
Adding 'diversion of /usr/lib/lazarus/3.0/components/tachart/aggpas/tachartaggpas.lpk to /usr/lib/lazarus/3.0/components/tachart/aggpas/tachartaggpas.lpk.orig by lazarus-src-3.0'
Adding 'diversion of /usr/lib/lazarus/3.0/components/tachart/print/tachartprint.lpk to /usr/lib/lazarus/3.0/components/tachart/print/tachartprint.lpk.orig by lazarus-src-3.0'
Adding 'diversion of /usr/lib/lazarus/3.0/components/tachart/bgra/tachartbgra.lpk to /usr/lib/lazarus/3.0/components/tachart/bgra/tachartbgra.lpk.orig by lazarus-src-3.0'
Adding 'diversion of /usr/lib/lazarus/3.0/components/tachart/wmf/tachartwmf.lpk to /usr/lib/lazarus/3.0/components/tachart/wmf/tachartwmf.lpk.orig by lazarus-src-3.0'
Adding 'diversion of /usr/lib/lazarus/3.0/components/tachart/opengl/tachartopengl.lpk to /usr/lib/lazarus/3.0/components/tachart/opengl/tachartopengl.lpk.orig by lazarus-src-3.0'
Adding 'diversion of /usr/lib/lazarus/3.0/components/tachart/tachartlazaruspkg.lpk to /usr/lib/lazarus/3.0/components/tachart/tachartlazaruspkg.lpk.orig by lazarus-src-3.0'
Adding 'diversion of /usr/lib/lazarus/3.0/components/turbopower_ipro/design/turbopoweriprodsgn.lpk to /usr/lib/lazarus/3.0/components/turbopower_ipro/design/turbopoweriprodsgn.lpk.orig by lazarus-src-3.0'
Adding 'diversion of /usr/lib/lazarus/3.0/components/turbopower_ipro/turbopoweripro.lpk to /usr/lib/lazarus/3.0/components/turbopower_ipro/turbopoweripro.lpk.orig by lazarus-src-3.0'
Adding 'diversion of /usr/lib/lazarus/3.0/components/education/educationlaz.lpk to /usr/lib/lazarus/3.0/components/education/educationlaz.lpk.orig by lazarus-src-3.0'
Adding 'diversion of /usr/lib/lazarus/3.0/components/simplewebservergui/simplewebservergui.lpk to /usr/lib/lazarus/3.0/components/simplewebservergui/simplewebservergui.lpk.orig by lazarus-src-3.0'
Adding 'diversion of /usr/lib/lazarus/3.0/components/lclextensions/lclextensions_package.lpk to /usr/lib/lazarus/3.0/components/lclextensions/lclextensions_package.lpk.orig by lazarus-src-3.0'
Adding 'diversion of /usr/lib/lazarus/3.0/components/filebrowser/idefilebrowser.lpk to /usr/lib/lazarus/3.0/components/filebrowser/idefilebrowser.lpk.orig by lazarus-src-3.0'
Adding 'diversion of /usr/lib/lazarus/3.0/components/googleapis/lazgoogleapis.lpk to /usr/lib/lazarus/3.0/components/googleapis/lazgoogleapis.lpk.orig by lazarus-src-3.0'
Adding 'diversion of /usr/lib/lazarus/3.0/components/lazthread/lazthread.lpk to /usr/lib/lazarus/3.0/components/lazthread/lazthread.lpk.orig by lazarus-src-3.0'
Adding 'diversion of /usr/lib/lazarus/3.0/components/lazsvnpkg/lazsvnpkg.lpk to /usr/lib/lazarus/3.0/components/lazsvnpkg/lazsvnpkg.lpk.orig by lazarus-src-3.0'
Adding 'diversion of /usr/lib/lazarus/3.0/components/instantfpc/instantfpclaz.lpk to /usr/lib/lazarus/3.0/components/instantfpc/instantfpclaz.lpk.orig by lazarus-src-3.0'
Adding 'diversion of /usr/lib/lazarus/3.0/components/datetimectrls/design/datetimectrlsdsgn.lpk to /usr/lib/lazarus/3.0/components/datetimectrls/design/datetimectrlsdsgn.lpk.orig by lazarus-src-3.0'
Adding 'diversion of /usr/lib/lazarus/3.0/components/datetimectrls/datetimectrls.lpk to /usr/lib/lazarus/3.0/components/datetimectrls/datetimectrls.lpk.orig by lazarus-src-3.0'
Adding 'diversion of /usr/lib/lazarus/3.0/components/aarre/src/aarrebase.lpk to /usr/lib/lazarus/3.0/components/aarre/src/aarrebase.lpk.orig by lazarus-src-3.0'
Adding 'diversion of /usr/lib/lazarus/3.0/components/externhelp/externhelp.lpk to /usr/lib/lazarus/3.0/components/externhelp/externhelp.lpk.orig by lazarus-src-3.0'
Adding 'diversion of /usr/lib/lazarus/3.0/components/sdf/sdflaz.lpk to /usr/lib/lazarus/3.0/components/sdf/sdflaz.lpk.orig by lazarus-src-3.0'
Adding 'diversion of /usr/lib/lazarus/3.0/components/fpreport/design/lazidefpreport.lpk to /usr/lib/lazarus/3.0/components/fpreport/design/lazidefpreport.lpk.orig by lazarus-src-3.0'
Adding 'diversion of /usr/lib/lazarus/3.0/components/fpreport/design/lazfpreportdesign.lpk to /usr/lib/lazarus/3.0/components/fpreport/design/lazfpreportdesign.lpk.orig by lazarus-src-3.0'
Adding 'diversion of /usr/lib/lazarus/3.0/components/fpreport/lclfpreport.lpk to /usr/lib/lazarus/3.0/components/fpreport/lclfpreport.lpk.orig by lazarus-src-3.0'
Adding 'diversion of /usr/lib/lazarus/3.0/components/projecttemplates/projtemplates.lpk to /usr/lib/lazarus/3.0/components/projecttemplates/projtemplates.lpk.orig by lazarus-src-3.0'
Adding 'diversion of /usr/lib/lazarus/3.0/components/IdeLazLogger/idelazlogger.lpk to /usr/lib/lazarus/3.0/components/IdeLazLogger/idelazlogger.lpk.orig by lazarus-src-3.0'
Adding 'diversion of /usr/lib/lazarus/3.0/components/images/imagesforlazarus.lpk to /usr/lib/lazarus/3.0/components/images/imagesforlazarus.lpk.orig by lazarus-src-3.0'
Adding 'diversion of /usr/lib/lazarus/3.0/components/jcf2/jcfbase.lpk to /usr/lib/lazarus/3.0/components/jcf2/jcfbase.lpk.orig by lazarus-src-3.0'
Adding 'diversion of /usr/lib/lazarus/3.0/components/jcf2/IdePlugin/lazarus/jcfidelazarus.lpk to /usr/lib/lazarus/3.0/components/jcf2/IdePlugin/lazarus/jcfidelazarus.lpk.orig by lazarus-src-3.0'
Adding 'diversion of /usr/lib/lazarus/3.0/components/fpweb/weblaz.lpk to /usr/lib/lazarus/3.0/components/fpweb/weblaz.lpk.orig by lazarus-src-3.0'
Adding 'diversion of /usr/lib/lazarus/3.0/components/fpcunit/fpcunittestrunner.lpk to /usr/lib/lazarus/3.0/components/fpcunit/fpcunittestrunner.lpk.orig by lazarus-src-3.0'
Adding 'diversion of /usr/lib/lazarus/3.0/components/fpcunit/ide/fpcunitide.lpk to /usr/lib/lazarus/3.0/components/fpcunit/ide/fpcunitide.lpk.orig by lazarus-src-3.0'
Adding 'diversion of /usr/lib/lazarus/3.0/components/fpcunit/console/fpcunitconsolerunner.lpk to /usr/lib/lazarus/3.0/components/fpcunit/console/fpcunitconsolerunner.lpk.orig by lazarus-src-3.0'
Adding 'diversion of /usr/lib/lazarus/3.0/components/opengl/lazopenglcontext.lpk to /usr/lib/lazarus/3.0/components/opengl/lazopenglcontext.lpk.orig by lazarus-src-3.0'
Adding 'diversion of /usr/lib/lazarus/3.0/components/IdeInspector/ideinspector.lpk to /usr/lib/lazarus/3.0/components/IdeInspector/ideinspector.lpk.orig by lazarus-src-3.0'
Adding 'diversion of /usr/lib/lazarus/3.0/components/datadict/lazdatadict.lpk to /usr/lib/lazarus/3.0/components/datadict/lazdatadict.lpk.orig by lazarus-src-3.0'
Adding 'diversion of /usr/lib/lazarus/3.0/components/anchordocking/design/anchordockingdsgn.lpk to /usr/lib/lazarus/3.0/components/anchordocking/design/anchordockingdsgn.lpk.orig by lazarus-src-3.0'
Adding 'diversion of /usr/lib/lazarus/3.0/components/anchordocking/anchordocking.lpk to /usr/lib/lazarus/3.0/components/anchordocking/anchordocking.lpk.orig by lazarus-src-3.0'
Adding 'diversion of /usr/lib/lazarus/3.0/components/freetype/freetypelaz.lpk to /usr/lib/lazarus/3.0/components/freetype/freetypelaz.lpk.orig by lazarus-src-3.0'
Adding 'diversion of /usr/lib/lazarus/3.0/components/sqldb/sqldblaz.lpk to /usr/lib/lazarus/3.0/components/sqldb/sqldblaz.lpk.orig by lazarus-src-3.0'
Adding 'diversion of /usr/lib/lazarus/3.0/components/ideintf/ideintf.lpk to /usr/lib/lazarus/3.0/components/ideintf/ideintf.lpk.orig by lazarus-src-3.0'
Adding 'diversion of /usr/lib/lazarus/3.0/components/memds/memdslaz.lpk to /usr/lib/lazarus/3.0/components/memds/memdslaz.lpk.orig by lazarus-src-3.0'
Adding 'diversion of /usr/lib/lazarus/3.0/components/sqlite/sqlitelaz.lpk to /usr/lib/lazarus/3.0/components/sqlite/sqlitelaz.lpk.orig by lazarus-src-3.0'
Adding 'diversion of /usr/lib/lazarus/3.0/components/sqlite/sqlite3laz.lpk to /usr/lib/lazarus/3.0/components/sqlite/sqlite3laz.lpk.orig by lazarus-src-3.0'
Adding 'diversion of /usr/lib/lazarus/3.0/components/printers/design/printers4lazide.lpk to /usr/lib/lazarus/3.0/components/printers/design/printers4lazide.lpk.orig by lazarus-src-3.0'
Adding 'diversion of /usr/lib/lazarus/3.0/components/printers/printer4lazarus.lpk to /usr/lib/lazarus/3.0/components/printers/printer4lazarus.lpk.orig by lazarus-src-3.0'
Adding 'diversion of /usr/lib/lazarus/3.0/components/virtualtreeview/laz.virtualtreeview_package.lpk to /usr/lib/lazarus/3.0/components/virtualtreeview/laz.virtualtreeview_package.lpk.orig by lazarus-src-3.0'
Adding 'diversion of /usr/lib/lazarus/3.0/components/lazdebuggergdbmi/test/gdbmitestutils/gdbmitestutils.lpk to /usr/lib/lazarus/3.0/components/lazdebuggergdbmi/test/gdbmitestutils/gdbmitestutils.lpk.orig by lazarus-src-3.0'
Adding 'diversion of /usr/lib/lazarus/3.0/components/lazdebuggergdbmi/lazdebuggergdbmi.lpk to /usr/lib/lazarus/3.0/components/lazdebuggergdbmi/lazdebuggergdbmi.lpk.orig by lazarus-src-3.0'
Adding 'diversion of /usr/lib/lazarus/3.0/components/paradox/lazparadox.lpk to /usr/lib/lazarus/3.0/components/paradox/lazparadox.lpk.orig by lazarus-src-3.0'
Adding 'diversion of /usr/lib/lazarus/3.0/components/h2pas/h2paswizard.lpk to /usr/lib/lazarus/3.0/components/h2pas/h2paswizard.lpk.orig by lazarus-src-3.0'
Adding 'diversion of /usr/lib/lazarus/3.0/components/simpleideintf/simpleideintf.lpk to /usr/lib/lazarus/3.0/components/simpleideintf/simpleideintf.lpk.orig by lazarus-src-3.0'
Adding 'diversion of /usr/lib/lazarus/3.0/components/exampleswindow/exampleprojects.lpk to /usr/lib/lazarus/3.0/components/exampleswindow/exampleprojects.lpk.orig by lazarus-src-3.0'
Adding 'diversion of /usr/lib/lazarus/3.0/components/buildintf/buildintf.lpk to /usr/lib/lazarus/3.0/components/buildintf/buildintf.lpk.orig by lazarus-src-3.0'
Adding 'diversion of /usr/lib/lazarus/3.0/components/daemon/lazdaemon.lpk to /usr/lib/lazarus/3.0/components/daemon/lazdaemon.lpk.orig by lazarus-src-3.0'
Adding 'diversion of /usr/lib/lazarus/3.0/components/leakview/leakview.lpk to /usr/lib/lazarus/3.0/components/leakview/leakview.lpk.orig by lazarus-src-3.0'
Adding 'diversion of /usr/lib/lazarus/3.0/components/jitclasses/jitclasses.lpk to /usr/lib/lazarus/3.0/components/jitclasses/jitclasses.lpk.orig by lazarus-src-3.0'
Adding 'diversion of /usr/lib/lazarus/3.0/components/projectgroups/lazprojectgroups.lpk to /usr/lib/lazarus/3.0/components/projectgroups/lazprojectgroups.lpk.orig by lazarus-src-3.0'
Adding 'diversion of /usr/lib/lazarus/3.0/components/charactermap/design/charactermap_ide_pkg.lpk to /usr/lib/lazarus/3.0/components/charactermap/design/charactermap_ide_pkg.lpk.orig by lazarus-src-3.0'
Adding 'diversion of /usr/lib/lazarus/3.0/components/charactermap/charactermappkg.lpk to /usr/lib/lazarus/3.0/components/charactermap/charactermappkg.lpk.orig by lazarus-src-3.0'
Adding 'diversion of /usr/lib/lazarus/3.0/components/macroscript/editormacroscript.lpk to /usr/lib/lazarus/3.0/components/macroscript/editormacroscript.lpk.orig by lazarus-src-3.0'
Adding 'diversion of /usr/lib/lazarus/3.0/components/onlinepackagemanager/onlinepackagemanager.lpk to /usr/lib/lazarus/3.0/components/onlinepackagemanager/onlinepackagemanager.lpk.orig by lazarus-src-3.0'
Adding 'diversion of /usr/lib/lazarus/3.0/components/lazcontrols/design/lazcontroldsgn.lpk to /usr/lib/lazarus/3.0/components/lazcontrols/design/lazcontroldsgn.lpk.orig by lazarus-src-3.0'
Adding 'diversion of /usr/lib/lazarus/3.0/components/lazcontrols/lazcontrols.lpk to /usr/lib/lazarus/3.0/components/lazcontrols/lazcontrols.lpk.orig by lazarus-src-3.0'
Adding 'diversion of /usr/lib/lazarus/3.0/components/mrumenu/lazmrumenu.lpk to /usr/lib/lazarus/3.0/components/mrumenu/lazmrumenu.lpk.orig by lazarus-src-3.0'
Adding 'diversion of /usr/lib/lazarus/3.0/components/lazreport/source/addons/ZeosDB/lr_zeosdb.lpk to /usr/lib/lazarus/3.0/components/lazreport/source/addons/ZeosDB/lr_zeosdb.lpk.orig by lazarus-src-3.0'
Adding 'diversion of /usr/lib/lazarus/3.0/components/lazreport/source/addons/lrOfficeImport/lr_officeimport.lpk to /usr/lib/lazarus/3.0/components/lazreport/source/addons/lrOfficeImport/lr_officeimport.lpk.orig by lazarus-src-3.0'
Adding 'diversion of /usr/lib/lazarus/3.0/components/lazreport/source/addons/pdfexport/lazreportpdfexport.lpk to /usr/lib/lazarus/3.0/components/lazreport/source/addons/pdfexport/lazreportpdfexport.lpk.orig by lazarus-src-3.0'
Adding 'diversion of /usr/lib/lazarus/3.0/components/lazreport/source/addons/addfunction/lr_add_function.lpk to /usr/lib/lazarus/3.0/components/lazreport/source/addons/addfunction/lr_add_function.lpk.orig by lazarus-src-3.0'
Adding 'diversion of /usr/lib/lazarus/3.0/components/lazreport/source/addons/cairoexport/lrcairoexport.lpk to /usr/lib/lazarus/3.0/components/lazreport/source/addons/cairoexport/lrcairoexport.lpk.orig by lazarus-src-3.0'
Adding 'diversion of /usr/lib/lazarus/3.0/components/lazreport/source/addons/TDbfDB/lr_tdbf.lpk to /usr/lib/lazarus/3.0/components/lazreport/source/addons/TDbfDB/lr_tdbf.lpk.orig by lazarus-src-3.0'
Adding 'diversion of /usr/lib/lazarus/3.0/components/lazreport/source/addons/SqlDB/lr_sqldb.lpk to /usr/lib/lazarus/3.0/components/lazreport/source/addons/SqlDB/lr_sqldb.lpk.orig by lazarus-src-3.0'
Adding 'diversion of /usr/lib/lazarus/3.0/components/lazreport/source/addons/lrspreadsheetexport/lrspreadsheetexport.lpk to /usr/lib/lazarus/3.0/components/lazreport/source/addons/lrspreadsheetexport/lrspreadsheetexport.lpk.orig by lazarus-src-3.0'
Adding 'diversion of /usr/lib/lazarus/3.0/components/lazreport/source/addons/DialogControls/lr_dialogdesign.lpk to /usr/lib/lazarus/3.0/components/lazreport/source/addons/DialogControls/lr_dialogdesign.lpk.orig by lazarus-src-3.0'
Adding 'diversion of /usr/lib/lazarus/3.0/components/lazreport/source/addons/imgexport/lr_extexp.lpk to /usr/lib/lazarus/3.0/components/lazreport/source/addons/imgexport/lr_extexp.lpk.orig by lazarus-src-3.0'
Adding 'diversion of /usr/lib/lazarus/3.0/components/lazreport/source/addons/LrDotMatrix/lr_dotmatrix_pack.lpk to /usr/lib/lazarus/3.0/components/lazreport/source/addons/LrDotMatrix/lr_dotmatrix_pack.lpk.orig by lazarus-src-3.0'
Adding 'diversion of /usr/lib/lazarus/3.0/components/lazreport/source/addons/lrFclPDFExport/lr_pdfexport.lpk to /usr/lib/lazarus/3.0/components/lazreport/source/addons/lrFclPDFExport/lr_pdfexport.lpk.orig by lazarus-src-3.0'
Adding 'diversion of /usr/lib/lazarus/3.0/components/lazreport/source/addons/lrEmailExport/lremailexport.lpk to /usr/lib/lazarus/3.0/components/lazreport/source/addons/lrEmailExport/lremailexport.lpk.orig by lazarus-src-3.0'
Adding 'diversion of /usr/lib/lazarus/3.0/components/lazreport/source/addons/lrcodereport/lr_codereport_pkg.lpk to /usr/lib/lazarus/3.0/components/lazreport/source/addons/lrcodereport/lr_codereport_pkg.lpk.orig by lazarus-src-3.0'
Adding 'diversion of /usr/lib/lazarus/3.0/components/lazreport/source/lazreport.lpk to /usr/lib/lazarus/3.0/components/lazreport/source/lazreport.lpk.orig by lazarus-src-3.0'
Adding 'diversion of /usr/lib/lazarus/3.0/components/mouseandkeyinput/lazmouseandkeyinput.lpk to /usr/lib/lazarus/3.0/components/mouseandkeyinput/lazmouseandkeyinput.lpk.orig by lazarus-src-3.0'
Adding 'diversion of /usr/lib/lazarus/3.0/components/vlc/lazvlc.lpk to /usr/lib/lazarus/3.0/components/vlc/lazvlc.lpk.orig by lazarus-src-3.0'
Adding 'diversion of /usr/lib/lazarus/3.0/components/debuggerintf/debuggerintf.lpk to /usr/lib/lazarus/3.0/components/debuggerintf/debuggerintf.lpk.orig by lazarus-src-3.0'
Adding 'diversion of /usr/lib/lazarus/3.0/components/compilers/c/lazc.lpk to /usr/lib/lazarus/3.0/components/compilers/c/lazc.lpk.orig by lazarus-src-3.0'
Adding 'diversion of /usr/lib/lazarus/3.0/components/compilers/delphi/lazdelphi.lpk to /usr/lib/lazarus/3.0/components/compilers/delphi/lazdelphi.lpk.orig by lazarus-src-3.0'
Adding 'diversion of /usr/lib/lazarus/3.0/components/packagetabs/packagetabs.lpk to /usr/lib/lazarus/3.0/components/packagetabs/packagetabs.lpk.orig by lazarus-src-3.0'
Adding 'diversion of /usr/lib/lazarus/3.0/components/dbexport/lazdbexport.lpk to /usr/lib/lazarus/3.0/components/dbexport/lazdbexport.lpk.orig by lazarus-src-3.0'
Adding 'diversion of /usr/lib/lazarus/3.0/components/todolist/todolistlaz.lpk to /usr/lib/lazarus/3.0/components/todolist/todolistlaz.lpk.orig by lazarus-src-3.0'
Adding 'diversion of /usr/lib/lazarus/3.0/components/idescout/idescout.lpk to /usr/lib/lazarus/3.0/components/idescout/idescout.lpk.orig by lazarus-src-3.0'
Adding 'diversion of /usr/lib/lazarus/3.0/components/instantsearch/lazinstantsearch.lpk to /usr/lib/lazarus/3.0/components/instantsearch/lazinstantsearch.lpk.orig by lazarus-src-3.0'
Adding 'diversion of /usr/lib/lazarus/3.0/components/lazutils/lazutils.lpk to /usr/lib/lazarus/3.0/components/lazutils/lazutils.lpk.orig by lazarus-src-3.0'
Adding 'diversion of /usr/lib/lazarus/3.0/components/chmhelp/packages/help/lhelpcontrolpkg.lpk to /usr/lib/lazarus/3.0/components/chmhelp/packages/help/lhelpcontrolpkg.lpk.orig by lazarus-src-3.0'
Adding 'diversion of /usr/lib/lazarus/3.0/components/chmhelp/packages/idehelp/chmhelppkg.lpk to /usr/lib/lazarus/3.0/components/chmhelp/packages/idehelp/chmhelppkg.lpk.orig by lazarus-src-3.0'
Unpacking lazarus-src-3.0 (3.0+dfsg1-8build3) ...
Selecting previously unselected package lcl-nogui-3.0.
Preparing to unpack .../052-lcl-nogui-3.0_3.0+dfsg1-8build3_amd64.deb ...
Unpacking lcl-nogui-3.0 (3.0+dfsg1-8build3) ...
Selecting previously unselected package lcl-gtk2-3.0.
Preparing to unpack .../053-lcl-gtk2-3.0_3.0+dfsg1-8build3_amd64.deb ...
Unpacking lcl-gtk2-3.0 (3.0+dfsg1-8build3) ...
Selecting previously unselected package lcl-units-3.0.
Preparing to unpack .../054-lcl-units-3.0_3.0+dfsg1-8build3_amd64.deb ...
Unpacking lcl-units-3.0 (3.0+dfsg1-8build3) ...
Selecting previously unselected package lcl-utils-3.0.
Preparing to unpack .../055-lcl-utils-3.0_3.0+dfsg1-8build3_amd64.deb ...
Unpacking lcl-utils-3.0 (3.0+dfsg1-8build3) ...
Selecting previously unselected package lcl-3.0:amd64.
Preparing to unpack .../056-lcl-3.0_3.0+dfsg1-8build3_amd64.deb ...
Unpacking lcl-3.0:amd64 (3.0+dfsg1-8build3) ...
Selecting previously unselected package lcl-gtk2:amd64.
Preparing to unpack .../057-lcl-gtk2_3.0+dfsg1-8build3_amd64.deb ...
Unpacking lcl-gtk2:amd64 (3.0+dfsg1-8build3) ...
Selecting previously unselected package lcl-utils.
Preparing to unpack .../058-lcl-utils_3.0+dfsg1-8build3_all.deb ...
Unpacking lcl-utils (3.0+dfsg1-8build3) ...
Selecting previously unselected package liba52-0.7.4:amd64.
Preparing to unpack .../059-liba52-0.7.4_0.7.4-20build1_amd64.deb ...
Unpacking liba52-0.7.4:amd64 (0.7.4-20build1) ...
Selecting previously unselected package liba52-0.7.4-dev.
Preparing to unpack .../060-liba52-0.7.4-dev_0.7.4-20build1_amd64.deb ...
Unpacking liba52-0.7.4-dev (0.7.4-20build1) ...
Selecting previously unselected package libaom-dev:amd64.
Preparing to unpack .../061-libaom-dev_3.8.2-2ubuntu0.2_amd64.deb ...
Unpacking libaom-dev:amd64 (3.8.2-2ubuntu0.2) ...
Selecting previously unselected package libarchive-cpio-perl.
Preparing to unpack .../062-libarchive-cpio-perl_0.10-3_all.deb ...
Unpacking libarchive-cpio-perl (0.10-3) ...
Selecting previously unselected package libcdt5:amd64.
Preparing to unpack .../063-libcdt5_2.42.2-9ubuntu0.1_amd64.deb ...
Unpacking libcdt5:amd64 (2.42.2-9ubuntu0.1) ...
Selecting previously unselected package libcgraph6:amd64.
Preparing to unpack .../064-libcgraph6_2.42.2-9ubuntu0.1_amd64.deb ...
Unpacking libcgraph6:amd64 (2.42.2-9ubuntu0.1) ...
Selecting previously unselected package libdav1d7:amd64.
Preparing to unpack .../065-libdav1d7_1.4.1-1build1_amd64.deb ...
Unpacking libdav1d7:amd64 (1.4.1-1build1) ...
Selecting previously unselected package libdav1d-dev:amd64.
Preparing to unpack .../066-libdav1d-dev_1.4.1-1build1_amd64.deb ...
Unpacking libdav1d-dev:amd64 (1.4.1-1build1) ...
Selecting previously unselected package libde265-dev:amd64.
Preparing to unpack .../067-libde265-dev_1.0.15-1ubuntu0.1_amd64.deb ...
Unpacking libde265-dev:amd64 (1.0.15-1ubuntu0.1) ...
Selecting previously unselected package libogg-dev:amd64.
Preparing to unpack .../068-libogg-dev_1.3.5-3build1_amd64.deb ...
Unpacking libogg-dev:amd64 (1.3.5-3build1) ...
Selecting previously unselected package libflac-dev:amd64.
Preparing to unpack .../069-libflac-dev_1.4.3+ds-2.1ubuntu2_amd64.deb ...
Unpacking libflac-dev:amd64 (1.4.3+ds-2.1ubuntu2) ...
Selecting previously unselected package libinstpatch-1.0-2:amd64.
Preparing to unpack .../070-libinstpatch-1.0-2_1.1.6-1build2_amd64.deb ...
Unpacking libinstpatch-1.0-2:amd64 (1.1.6-1build2) ...
Selecting previously unselected package libjack-jackd2-0:amd64.
Preparing to unpack .../071-libjack-jackd2-0_1.9.21~dfsg-3ubuntu3_amd64.deb ...
Unpacking libjack-jackd2-0:amd64 (1.9.21~dfsg-3ubuntu3) ...
Selecting previously unselected package timgm6mb-soundfont.
Preparing to unpack .../072-timgm6mb-soundfont_1.3-5_all.deb ...
Unpacking timgm6mb-soundfont (1.3-5) ...
Selecting previously unselected package libfluidsynth3:amd64.
Preparing to unpack .../073-libfluidsynth3_2.3.4-1build3_amd64.deb ...
Unpacking libfluidsynth3:amd64 (2.3.4-1build3) ...
Selecting previously unselected package libforms2t64.
Preparing to unpack .../074-libforms2t64_1.2.3-1.7build1_amd64.deb ...
Unpacking libforms2t64 (1.2.3-1.7build1) ...
Selecting previously unselected package libxpm-dev:amd64.
Preparing to unpack .../075-libxpm-dev_1%3a3.5.17-1ubuntu0.24.04.1_amd64.deb ...
Unpacking libxpm-dev:amd64 (1:3.5.17-1ubuntu0.24.04.1) ...
Selecting previously unselected package libforms-dev.
Preparing to unpack .../076-libforms-dev_1.2.3-1.7build1_amd64.deb ...
Unpacking libforms-dev (1.2.3-1.7build1) ...
Selecting previously unselected package libgail18t64:amd64.
Preparing to unpack .../077-libgail18t64_2.24.33-4ubuntu1.1_amd64.deb ...
Unpacking libgail18t64:amd64 (2.24.33-4ubuntu1.1) ...
Selecting previously unselected package libgail-common:amd64.
Preparing to unpack .../078-libgail-common_2.24.33-4ubuntu1.1_amd64.deb ...
Unpacking libgail-common:amd64 (2.24.33-4ubuntu1.1) ...
Selecting previously unselected package libx265-199:amd64.
Preparing to unpack .../079-libx265-199_3.5-2build1_amd64.deb ...
Unpacking libx265-199:amd64 (3.5-2build1) ...
Selecting previously unselected package libx265-dev:amd64.
Preparing to unpack .../080-libx265-dev_3.5-2build1_amd64.deb ...
Unpacking libx265-dev:amd64 (3.5-2build1) ...
Selecting previously unselected package libheif-dev:amd64.
Preparing to unpack .../081-libheif-dev_1.17.6-1ubuntu4.9_amd64.deb ...
Unpacking libheif-dev:amd64 (1.17.6-1ubuntu4.9) ...
Selecting previously unselected package libvpx-dev:amd64.
Preparing to unpack .../082-libvpx-dev_1.14.0-1ubuntu2.3_amd64.deb ...
Unpacking libvpx-dev:amd64 (1.14.0-1ubuntu2.3) ...
Selecting previously unselected package libgd-dev:amd64.
Preparing to unpack .../083-libgd-dev_2.3.3-9ubuntu5_amd64.deb ...
Unpacking libgd-dev:amd64 (2.3.3-9ubuntu5) ...
Selecting previously unselected package libglu1-mesa:amd64.
Preparing to unpack .../084-libglu1-mesa_9.0.2-1.1build1_amd64.deb ...
Unpacking libglu1-mesa:amd64 (9.0.2-1.1build1) ...
Selecting previously unselected package libglu1-mesa-dev:amd64.
Preparing to unpack .../085-libglu1-mesa-dev_9.0.2-1.1build1_amd64.deb ...
Unpacking libglu1-mesa-dev:amd64 (9.0.2-1.1build1) ...
Selecting previously unselected package libgts-0.7-5t64:amd64.
Preparing to unpack .../086-libgts-0.7-5t64_0.7.6+darcs121130-5.2build1_amd64.deb ...
Unpacking libgts-0.7-5t64:amd64 (0.7.6+darcs121130-5.2build1) ...
Selecting previously unselected package libltdl7:amd64.
Preparing to unpack .../087-libltdl7_2.4.7-7build1_amd64.deb ...
Unpacking libltdl7:amd64 (2.4.7-7build1) ...
Selecting previously unselected package libpathplan4:amd64.
Preparing to unpack .../088-libpathplan4_2.42.2-9ubuntu0.1_amd64.deb ...
Unpacking libpathplan4:amd64 (2.42.2-9ubuntu0.1) ...
Selecting previously unselected package libgvc6.
Preparing to unpack .../089-libgvc6_2.42.2-9ubuntu0.1_amd64.deb ...
Unpacking libgvc6 (2.42.2-9ubuntu0.1) ...
Selecting previously unselected package libgvpr2:amd64.
Preparing to unpack .../090-libgvpr2_2.42.2-9ubuntu0.1_amd64.deb ...
Unpacking libgvpr2:amd64 (2.42.2-9ubuntu0.1) ...
Selecting previously unselected package libxdot4:amd64.
Preparing to unpack .../091-libxdot4_2.42.2-9ubuntu0.1_amd64.deb ...
Unpacking libxdot4:amd64 (2.42.2-9ubuntu0.1) ...
Selecting previously unselected package liblab-gamut1:amd64.
Preparing to unpack .../092-liblab-gamut1_2.42.2-9ubuntu0.1_amd64.deb ...
Unpacking liblab-gamut1:amd64 (2.42.2-9ubuntu0.1) ...
Selecting previously unselected package libgvc6-plugins-gtk.
Preparing to unpack .../093-libgvc6-plugins-gtk_2.42.2-9ubuntu0.1_amd64.deb ...
Unpacking libgvc6-plugins-gtk (2.42.2-9ubuntu0.1) ...
Selecting previously unselected package libgraphviz-dev:amd64.
Preparing to unpack .../094-libgraphviz-dev_2.42.2-9ubuntu0.1_amd64.deb ...
Unpacking libgraphviz-dev:amd64 (2.42.2-9ubuntu0.1) ...
Selecting previously unselected package libgtk2.0-bin.
Preparing to unpack .../095-libgtk2.0-bin_2.24.33-4ubuntu1.1_amd64.deb ...
Unpacking libgtk2.0-bin (2.24.33-4ubuntu1.1) ...
Selecting previously unselected package libgts-bin.
Preparing to unpack .../096-libgts-bin_0.7.6+darcs121130-5.2build1_amd64.deb ...
Unpacking libgts-bin (0.7.6+darcs121130-5.2build1) ...
Selecting previously unselected package libidn12:amd64.
Preparing to unpack .../097-libidn12_1.42-1ubuntu0.1_amd64.deb ...
Unpacking libidn12:amd64 (1.42-1ubuntu0.1) ...
Selecting previously unselected package libltdl-dev:amd64.
Preparing to unpack .../098-libltdl-dev_2.4.7-7build1_amd64.deb ...
Unpacking libltdl-dev:amd64 (2.4.7-7build1) ...
Selecting previously unselected package libmad0:amd64.
Preparing to unpack .../099-libmad0_0.15.1b-10.2ubuntu1_amd64.deb ...
Unpacking libmad0:amd64 (0.15.1b-10.2ubuntu1) ...
Selecting previously unselected package libmad0-dev.
Preparing to unpack .../100-libmad0-dev_0.15.1b-10.2ubuntu1_amd64.deb ...
Unpacking libmad0-dev (0.15.1b-10.2ubuntu1) ...
Selecting previously unselected package libsys-hostname-long-perl.
Preparing to unpack .../101-libsys-hostname-long-perl_1.5-3_all.deb ...
Unpacking libsys-hostname-long-perl (1.5-3) ...
Selecting previously unselected package libmail-sendmail-perl.
Preparing to unpack .../102-libmail-sendmail-perl_0.80-3_all.deb ...
Unpacking libmail-sendmail-perl (0.80-3) ...
Selecting previously unselected package libopenal-data.
Preparing to unpack .../103-libopenal-data_1%3a1.23.1-4build1_all.deb ...
Unpacking libopenal-data (1:1.23.1-4build1) ...
Selecting previously unselected package libopenal1:amd64.
Preparing to unpack .../104-libopenal1_1%3a1.23.1-4build1_amd64.deb ...
Unpacking libopenal1:amd64 (1:1.23.1-4build1) ...
Selecting previously unselected package libmikmod3:amd64.
Preparing to unpack .../105-libmikmod3_3.3.11.1-7build1_amd64.deb ...
Unpacking libmikmod3:amd64 (3.3.11.1-7build1) ...
Selecting previously unselected package libmikmod-dev:amd64.
Preparing to unpack .../106-libmikmod-dev_3.3.11.1-7build1_amd64.deb ...
Unpacking libmikmod-dev:amd64 (3.3.11.1-7build1) ...
Selecting previously unselected package libmodplug1:amd64.
Preparing to unpack .../107-libmodplug1_1%3a0.8.9.0-3build1_amd64.deb ...
Unpacking libmodplug1:amd64 (1:0.8.9.0-3build1) ...
Selecting previously unselected package libmodplug-dev:amd64.
Preparing to unpack .../108-libmodplug-dev_1%3a0.8.9.0-3build1_amd64.deb ...
Unpacking libmodplug-dev:amd64 (1:0.8.9.0-3build1) ...
Selecting previously unselected package libproxy-tools.
Preparing to unpack .../109-libproxy-tools_0.5.4-4build1_amd64.deb ...
Unpacking libproxy-tools (0.5.4-4build1) ...
Selecting previously unselected package libsdl1.2debian:amd64.
Preparing to unpack .../110-libsdl1.2debian_1.2.68-2_amd64.deb ...
Unpacking libsdl1.2debian:amd64 (1.2.68-2) ...
Selecting previously unselected package libvorbisfile3:amd64.
Preparing to unpack .../111-libvorbisfile3_1.3.7-1build3_amd64.deb ...
Unpacking libvorbisfile3:amd64 (1.3.7-1build3) ...
Selecting previously unselected package libsdl-mixer1.2:amd64.
Preparing to unpack .../112-libsdl-mixer1.2_1.2.12-18_amd64.deb ...
Unpacking libsdl-mixer1.2:amd64 (1.2.12-18) ...
Selecting previously unselected package libsdl1.2-dev:amd64.
Preparing to unpack .../113-libsdl1.2-dev_1.2.68-2_amd64.deb ...
Unpacking libsdl1.2-dev:amd64 (1.2.68-2) ...
Selecting previously unselected package libvorbis-dev:amd64.
Preparing to unpack .../114-libvorbis-dev_1.3.7-1build3_amd64.deb ...
Unpacking libvorbis-dev:amd64 (1.3.7-1build3) ...
Selecting previously unselected package libsdl-mixer1.2-dev:amd64.
Preparing to unpack .../115-libsdl-mixer1.2-dev_1.2.12-18_amd64.deb ...
Unpacking libsdl-mixer1.2-dev:amd64 (1.2.12-18) ...
Selecting previously unselected package libvlccore9:amd64.
Preparing to unpack .../116-libvlccore9_3.0.20-3build6_amd64.deb ...
Unpacking libvlccore9:amd64 (3.0.20-3build6) ...
Selecting previously unselected package libvlc5:amd64.
Preparing to unpack .../117-libvlc5_3.0.20-3build6_amd64.deb ...
Unpacking libvlc5:amd64 (3.0.20-3build6) ...
Selecting previously unselected package libvlc-bin:amd64.
Preparing to unpack .../118-libvlc-bin_3.0.20-3build6_amd64.deb ...
Unpacking libvlc-bin:amd64 (3.0.20-3build6) ...
Selecting previously unselected package libvlc-dev:amd64.
Preparing to unpack .../119-libvlc-dev_3.0.20-3build6_amd64.deb ...
Unpacking libvlc-dev:amd64 (3.0.20-3build6) ...
Selecting previously unselected package libxxf86dga-dev:amd64.
Preparing to unpack .../120-libxxf86dga-dev_2%3a1.1.5-1build1_amd64.deb ...
Unpacking libxxf86dga-dev:amd64 (2:1.1.5-1build1) ...
Selecting previously unselected package libc6-dbg:amd64.
Preparing to unpack .../121-libc6-dbg_2.39-0ubuntu8.9_amd64.deb ...
Unpacking libc6-dbg:amd64 (2.39-0ubuntu8.9) ...
Setting up libxdot4:amd64 (2.42.2-9ubuntu0.1) ...
Setting up fpc-source-3.2.2 (3.2.2+dfsg-32) ...
Setting up libforms2t64 (1.2.3-1.7build1) ...
Setting up libmodplug1:amd64 (1:0.8.9.0-3build1) ...
Setting up libmodplug-dev:amd64 (1:0.8.9.0-3build1) ...
Setting up gettext (0.21-14ubuntu2) ...
Setting up fp-units-rtl-3.2.2:amd64 (3.2.2+dfsg-32) ...
Setting up libdebuginfod-common (0.190-1.1ubuntu0.1) ...
Setting up fp-units-multimedia-3.2.2:amd64 (3.2.2+dfsg-32) ...
Setting up fp-compiler-3.2.2:amd64 (3.2.2+dfsg-32) ...
update-alternatives: using /usr/bin/x86_64-linux-gnu-fpc-3.2.2 to provide /usr/bin/fpc (fpc) in auto mode
update-alternatives: using /etc/fpc-3.2.2.cfg to provide /etc/fpc.cfg (fpc.cfg) in auto mode
update-alternatives: using /usr/bin/fpc to provide /usr/bin/pc (pc) in auto mode
Setting up libtool (2.4.7-7build1) ...
Setting up fp-units-db-3.2.2:amd64 (3.2.2+dfsg-32) ...
Setting up libarchive-zip-perl (1.68-1) ...
Setting up libxxf86dga-dev:amd64 (2:1.1.5-1build1) ...
Setting up libdebhelper-perl (13.14.1ubuntu5) ...
Setting up liblab-gamut1:amd64 (2.42.2-9ubuntu0.1) ...
Setting up fp-utils-3.2.2 (3.2.2+dfsg-32) ...
update-alternatives: using /usr/lib/x86_64-linux-gnu/fpc/3.2.2 to provide /usr/lib/x86_64-linux-gnu/fpc/default (fp-utils) in auto mode
Setting up fp-units-math-3.2.2:amd64 (3.2.2+dfsg-32) ...
Setting up lcl-utils-3.0 (3.0+dfsg1-8build3) ...
update-alternatives: using /usr/lib/lazarus/3.0 to provide /usr/lib/lazarus/default (lazarus) in auto mode
Setting up fp-compiler:amd64 (3.2.2+dfsg-32) ...
Setting up libogg-dev:amd64 (1.3.5-3build1) ...
Setting up fp-docs-3.2.2 (3.2.2+dfsg-32) ...
Setting up fp-units-misc-3.2.2:amd64 (3.2.2+dfsg-32) ...
Setting up lcl-utils (3.0+dfsg1-8build3) ...
Setting up libsource-highlight-common (3.1.9-4.3build1) ...
Setting up fp-units-fv-3.2.2:amd64 (3.2.2+dfsg-32) ...
Setting up libc6-dbg:amd64 (2.39-0ubuntu8.9) ...
Setting up intltool-debian (0.35.0+20060710.6) ...
Setting up libaom-dev:amd64 (3.8.2-2ubuntu0.2) ...
Setting up liba52-0.7.4:amd64 (0.7.4-20build1) ...
Setting up libvorbisfile3:amd64 (1.3.7-1build3) ...
Setting up libvpx-dev:amd64 (1.14.0-1ubuntu2.3) ...
Setting up libde265-dev:amd64 (1.0.15-1ubuntu0.1) ...
Setting up libpathplan4:amd64 (2.42.2-9ubuntu0.1) ...
Setting up libxpm-dev:amd64 (1:3.5.17-1ubuntu0.24.04.1) ...
Setting up libsdl1.2debian:amd64 (1.2.68-2) ...
Setting up fp-units-base-3.2.2:amd64 (3.2.2+dfsg-32) ...
Setting up fp-ide-3.2.2 (3.2.2+dfsg-32) ...
update-alternatives: using /usr/bin/fp-3.2.2 to provide /usr/bin/fp (fp) in auto mode
Setting up libidn12:amd64 (1.42-1ubuntu0.1) ...
Setting up autopoint (0.21-14ubuntu2) ...
Setting up libipt2 (2.0.6-1build1) ...
Setting up libltdl7:amd64 (2.4.7-7build1) ...
Setting up libbabeltrace1:amd64 (1.5.11-3build3) ...
Setting up autoconf (2.71-3) ...
Setting up libvlccore9:amd64 (3.0.20-3build6) ...
Setting up libnuma1:amd64 (2.0.18-1ubuntu0.24.04.1) ...
Setting up libjack-jackd2-0:amd64 (1.9.21~dfsg-3ubuntu3) ...
Setting up dwz (0.15-1build6) ...
Setting up libmad0:amd64 (0.15.1b-10.2ubuntu1) ...
Setting up libdav1d7:amd64 (1.4.1-1build1) ...
Setting up lazarus-src-3.0 (3.0+dfsg1-8build3) ...
Setting up libarchive-cpio-perl (0.10-3) ...
Setting up debugedit (1:5.0-5build2) ...
Setting up libsub-override-perl (0.10-1) ...
Setting up libopenal-data (1:1.23.1-4build1) ...
Setting up libgts-0.7-5t64:amd64 (0.7.6+darcs121130-5.2build1) ...
Setting up libgtk2.0-common (2.24.33-4ubuntu1.1) ...
Setting up libcdt5:amd64 (2.42.2-9ubuntu0.1) ...
Setting up libcgraph6:amd64 (2.42.2-9ubuntu0.1) ...
Setting up libglu1-mesa:amd64 (9.0.2-1.1build1) ...
Setting up libxml2-utils (2.9.14+dfsg-1.3ubuntu3.9) ...
Setting up timgm6mb-soundfont (1.3-5) ...
update-alternatives: using /usr/share/sounds/sf2/TimGM6mb.sf2 to provide /usr/share/sounds/sf2/default-GM.sf2 (default-GM.sf2) in auto mode
update-alternatives: using /usr/share/sounds/sf2/TimGM6mb.sf2 to provide /usr/share/sounds/sf3/default-GM.sf3 (default-GM.sf3) in auto mode
Setting up libsys-hostname-long-perl (1.5-3) ...
Setting up libinstpatch-1.0-2:amd64 (1.1.6-1build2) ...
Setting up libfluidsynth3:amd64 (2.3.4-1build3) ...
Setting up liba52-0.7.4-dev (0.7.4-20build1) ...
Setting up libproxy-tools (0.5.4-4build1) ...
Setting up automake (1:1.16.5-1.3ubuntu1) ...
update-alternatives: using /usr/bin/automake-1.16 to provide /usr/bin/automake (automake) in auto mode
Setting up libvorbis-dev:amd64 (1.3.7-1build3) ...
Setting up libfile-stripnondeterminism-perl (1.13.1-1) ...
Setting up fp-units-net-3.2.2:amd64 (3.2.2+dfsg-32) ...
Setting up libgts-bin (0.7.6+darcs121130-5.2build1) ...
Setting up libdebuginfod1t64:amd64 (0.190-1.1ubuntu0.1) ...
Setting up libflac-dev:amd64 (1.4.3+ds-2.1ubuntu2) ...
Setting up fp-units-fcl-3.2.2:amd64 (3.2.2+dfsg-32) ...
Setting up libforms-dev (1.2.3-1.7build1) ...
Setting up lcl-nogui-3.0 (3.0+dfsg1-8build3) ...
Setting up po-debconf (1.0.21+nmu1) ...
Setting up fp-units-gfx-3.2.2:amd64 (3.2.2+dfsg-32) ...
Setting up libvlc5:amd64 (3.0.20-3build6) ...
Setting up libsource-highlight4t64:amd64 (3.1.9-4.3build1) ...
Setting up libopenal1:amd64 (1:1.23.1-4build1) ...
Setting up dh-autoreconf (20) ...
Setting up libmail-sendmail-perl (0.80-3) ...
Setting up libltdl-dev:amd64 (2.4.7-7build1) ...
Setting up gdb (15.1-1ubuntu1~24.04.1) ...
Setting up libdav1d-dev:amd64 (1.4.1-1build1) ...
Setting up libglu1-mesa-dev:amd64 (9.0.2-1.1build1) ...
Setting up libgvc6 (2.42.2-9ubuntu0.1) ...
Setting up libgtk2.0-0t64:amd64 (2.24.33-4ubuntu1.1) ...
Setting up lazarus-ide-3.0 (3.0+dfsg1-8build3) ...
update-alternatives: using /usr/lib/lazarus/3.0/startlazarus to provide /usr/bin/lazarus-ide (lazarus-ide) in auto mode
Setting up libmad0-dev (0.15.1b-10.2ubuntu1) ...
Setting up libx265-199:amd64 (3.5-2build1) ...
Setting up dh-strip-nondeterminism (1.13.1-1) ...
Setting up libgvc6-plugins-gtk (2.42.2-9ubuntu0.1) ...
Setting up libgail18t64:amd64 (2.24.33-4ubuntu1.1) ...
Setting up libgvpr2:amd64 (2.42.2-9ubuntu0.1) ...
Setting up libvlc-bin:amd64 (3.0.20-3build6) ...
Setting up libgtk2.0-bin (2.24.33-4ubuntu1.1) ...
Setting up lazarus-ide-gtk2-3.0 (3.0+dfsg1-8build3) ...
update-alternatives: using /usr/lib/lazarus/3.0/lazarus-gtk2 to provide /usr/lib/lazarus/3.0/lazarus (lazarus-3.0) in auto mode
Setting up libvlc-dev:amd64 (3.0.20-3build6) ...
Setting up libgail-common:amd64 (2.24.33-4ubuntu1.1) ...
Setting up lazarus-ide (3.0+dfsg1-8build3) ...
Setting up libmikmod3:amd64 (3.3.11.1-7build1) ...
Setting up debhelper (13.14.1ubuntu5) ...
Setting up libsdl1.2-dev:amd64 (1.2.68-2) ...
Setting up libgraphviz-dev:amd64 (2.42.2-9ubuntu0.1) ...
Setting up libmikmod-dev:amd64 (3.3.11.1-7build1) ...
Setting up gir1.2-gtk-2.0:amd64 (2.24.33-4ubuntu1.1) ...
Setting up libx265-dev:amd64 (3.5-2build1) ...
Setting up libsdl-mixer1.2:amd64 (1.2.12-18) ...
Setting up libgtk2.0-dev:amd64 (2.24.33-4ubuntu1.1) ...
Setting up libsdl-mixer1.2-dev:amd64 (1.2.12-18) ...
Setting up fp-units-gtk2-3.2.2:amd64 (3.2.2+dfsg-32) ...
Setting up lcl-gtk2-3.0 (3.0+dfsg1-8build3) ...
Setting up lcl-units-3.0 (3.0+dfsg1-8build3) ...
Setting up libheif-dev:amd64 (1.17.6-1ubuntu4.9) ...
Setting up fpc-3.2.2 (3.2.2+dfsg-32) ...
Setting up libgd-dev:amd64 (2.3.3-9ubuntu5) ...
Setting up lcl-3.0:amd64 (3.0+dfsg1-8build3) ...
Setting up lcl-gtk2:amd64 (3.0+dfsg1-8build3) ...
Setting up fpc (3.2.2+dfsg-32) ...
Processing triggers for install-info (7.1-3build2) ...
Processing triggers for hicolor-icon-theme (0.17-2) ...
Processing triggers for libc-bin (2.39-0ubuntu8.9) ...
Processing triggers for man-db (2.12.0-4build2) ...
Processing triggers for libvlc-bin:amd64 (3.0.20-3build6) ...
