Packages: 42 download MiB: 185.0
mingw-w64-x86_64-libwinpthread 14.0.0.r426.g4564ee4b5-1
mingw-w64-x86_64-libatomic 16.2.0-4
mingw-w64-x86_64-libgcc 16.2.0-4
mingw-w64-x86_64-tzdata 2026d-1
mingw-w64-x86_64-libquadmath 16.2.0-4
mingw-w64-x86_64-cc-libs 16.2.0-4
mingw-w64-x86_64-libffi 3.8.0-1
mingw-w64-x86_64-zlib 1.3.2-2
mingw-w64-x86_64-libstdc++ 16.2.0-4
mingw-w64-x86_64-libiconv 1.19-1
mingw-w64-x86_64-zstd 1.5.7-2
mingw-w64-x86_64-libxml2 2.15.4-1
mingw-w64-x86_64-gettext-runtime 1.0-1
mingw-w64-x86_64-binutils 2.47-3
mingw-w64-x86_64-headers 14.0.0.r426.g4564ee4b5-1
mingw-w64-x86_64-crt 14.0.0.r426.g4564ee4b5-1
mingw-w64-x86_64-gmp 6.3.0-2
mingw-w64-x86_64-isl 0.28-1
mingw-w64-x86_64-mpfr 4.2.2-3
mingw-w64-x86_64-clang-libs 22.1.8-3
mingw-w64-x86_64-windows-default-manifest 20260815-1
mingw-w64-x86_64-winpthreads 14.0.0.r426.g4564ee4b5-1
mingw-w64-x86_64-mpc 1.4.1-1
mingw-w64-x86_64-llvm-libs 22.1.8-3
mingw-w64-x86_64-clang 22.1.8-3
mingw-w64-x86_64-brotli 1.2.0-1
mingw-w64-x86_64-libunistring 1.4.2-1
mingw-w64-x86_64-libidn2 2.3.8-4
mingw-w64-x86_64-libtasn1 4.21.0-1
mingw-w64-x86_64-nettle 4.0-1
mingw-w64-x86_64-p11-kit 0.26.5-1
mingw-w64-x86_64-gnutls 3.8.13-3
mingw-w64-x86_64-gcc 16.2.0-4
mingw-w64-x86_64-libobjc2 2.2.1-7
mingw-w64-x86_64-libxslt 1.1.45-1
mingw-w64-x86_64-gnustep-base 1.31.1-10
mingw-w64-x86_64-wavpack 5.9.0-1
mingw-w64-x86_64-bzip2 1.0.8-4
mingw-w64-x86_64-gnustep-make 2.9.3-2
mingw-w64-x86_64-make 4.4.1-5
mingw-w64-x86_64-icu 78.3-4
mingw-w64-x86_64-lld 22.1.8-3
