windows: native-versions pass (0.1007s)
windows: sevenzip-version pass (0.0747s)
windows: sevenzip-read-mainstream.zip pass (0.031s)
windows: sevenzip-read-small-zip64.zip pass (0.0245s)
windows: sevenzip-read-mainstream.tar pass (0.0277s)
windows: sevenzip-read-mainstream.tar.gz pass (0.0441s)
windows: sevenzip-read-legacy.lzh pass (0.0283s)
windows: sevenzip-read-test_read_format_lha_lh6.lzh pass (0.0297s)
windows: sevenzip-read-test_read_format_lha_lh7.lzh pass (0.0264s)
windows: sevenzip-read-test_read_format_cab_lzx_16bit.cab fail (0.0384s)
windows: libarchive-read-mainstream.zip pass (0.0247s)
windows: libarchive-read-small-zip64.zip pass (0.0247s)
windows: libarchive-read-mainstream.tar pass (0.0263s)
windows: libarchive-read-mainstream.tar.gz pass (0.0263s)
windows: libarchive-read-legacy.lzh pass (0.0456s)
windows: libarchive-read-test_read_format_lha_lh6.lzh pass (0.0283s)
windows: libarchive-read-test_read_format_lha_lh7.lzh pass (0.0286s)
windows: libarchive-read-test_read_format_cab_lzx_16bit.cab pass (0.0358s)
windows: libzip-reject-truncated.zip pass (0.0435s)
windows: libzip-reject-bad-checksum.zip pass (0.0291s)
windows: sevenzip-reject-truncated.zip pass (0.0362s)
windows: sevenzip-reject-bad-checksum.zip pass (0.0334s)
windows: libarchive-reject-truncated.zip pass (0.0272s)
windows: libarchive-reject-bad-checksum.zip pass (0.0268s)
windows: libzip-selected-extract pass (0.0305s)
windows: libarchive-selected-extract pass (0.0303s)
windows: sevenzip-selected-extract pass (0.0316s)
windows: sevenzip-create-zip pass (0.0425s)
windows: libarchive-read-created-zip pass (0.0227s)
windows: libarchive-extract-created-zip fail (0.0457s)
windows: sevenzip-create-7z pass (0.0347s)
windows: libarchive-read-created-7z pass (0.0264s)
windows: sevenzip-solid-property pass (0.0302s)
windows: libarchive-extract-created-7z fail (0.0315s)
windows: sevenzip-create-tar pass (0.0284s)
windows: libarchive-read-created-tar pass (0.0263s)
windows: libarchive-extract-created-tar pass (0.0406s)
windows: sevenzip-create-tar.gz pass (0.0318s)
windows: libarchive-read-created-tar.gz pass (0.025s)
windows: libarchive-extract-created-tar.gz pass (0.0265s)
windows: libarchive-create-tar fail (0.8822s)
windows: sevenzip-verify-libarchive-created-tar fail (0.0409s)
windows: libarchive-create-tar.gz fail (0.7414s)
windows: sevenzip-verify-libarchive-created-tar.gz fail (0.0248s)
windows: libzip-create-encrypted pass (0.0424s)
windows: libzip-correct-password pass (0.0231s)
windows: libzip-wrong-password pass (0.0225s)
windows: libarchive-correct-password pass (0.0228s)
windows: libarchive-wrong-password pass (0.0209s)
windows: libzip-create pass (0.0221s)
windows: libzip-edit pass (0.0257s)
windows: libzip-cancel-edit pass (0.0208s)
windows: sevenzip-update-zip pass (0.0431s)
windows: sevenzip-delete-zip pass (0.0248s)
windows: sevenzip-rename-zip pass (0.0257s)
windows: libarchive-verify-sevenzip-edit-zip pass (0.0208s)
windows: libarchive-extract-sevenzip-edit-zip pass (0.0257s)
windows: sevenzip-update-7z pass (0.0494s)
windows: sevenzip-delete-7z pass (0.0264s)
windows: sevenzip-rename-7z pass (0.0242s)
windows: libarchive-verify-sevenzip-edit-7z pass (0.0199s)
windows: libarchive-extract-sevenzip-edit-7z pass (0.0266s)
windows: sevenzip-create-split pass (0.0292s)
windows: sevenzip-read-split pass (0.0276s)
windows: sevenzip-reject-missing-volume pass (0.0348s)
windows: sevenzip-list-absolute-and-drive-paths pass (0.0276s)
windows: sevenzip-fs-relative-escape.zip pass (0.0254s)
windows: sevenzip-fs-links.tar pass (0.0258s)
windows: sevenzip-fs-case-collision.zip pass (0.026s)
windows: sevenzip-fs-duplicates.zip pass (0.0256s)
windows: sevenzip-fs-windows-names.zip pass (0.0288s)
windows: sevenzip-write-failure pass (0.0241s)
windows: libarchive-list-absolute-and-drive-paths pass (0.0212s)
windows: libarchive-fs-relative-escape.zip pass (0.0214s)
windows: libarchive-fs-links.tar pass (0.0372s)
windows: libarchive-fs-case-collision.zip pass (0.0222s)
windows: libarchive-fs-duplicates.zip pass (0.0263s)
windows: libarchive-fs-windows-names.zip pass (0.0262s)
windows: libarchive-write-failure pass (0.0223s)
windows: sevenzip-list-100k pass (0.4326s)
windows: libzip-list-100k pass (0.5271s)
windows: libarchive-list-100k pass (0.3017s)
windows: sevenzip-read-5g pass (3.4001s)
windows: libzip-read-5g pass (3.7539s)
windows: libarchive-read-5g pass (3.6262s)
windows: native-worker-termination pass (0.0661s)
windows: staged-update-failure pass (0.0233s)
{"pass": 101, "fail": 15, "unverified": 7}
